== abstraction_depth 20:38:17
[preflight] GPU 0 is idle, build locks clear -- ok to measure
[driver] tag=abstraction_depth gpu=0 jobs=1 reps=5 -> 5 processes, order-seed=20260727, dist=rand
[1/5] rep4 tilelang_abs/H1/primary [stages=2,x_depth_control=1] ...
      median=0.9830 ms  (139.8 TF/s)  compile=4.7s  gate=PASS  maxerr=0.08618
[2/5] rep1 tilelang_abs/H1/primary [stages=2,x_depth_control=1] ...
      median=0.9948 ms  (138.2 TF/s)  compile=4.8s  gate=PASS  maxerr=0.08618
[3/5] rep3 tilelang_abs/H1/primary [stages=2,x_depth_control=1] ...
      median=0.9933 ms  (138.4 TF/s)  compile=4.7s  gate=PASS  maxerr=0.08618
[4/5] rep0 tilelang_abs/H1/primary [stages=2,x_depth_control=1] ...
      median=1.0066 ms  (136.5 TF/s)  compile=4.8s  gate=PASS  maxerr=0.08618
[5/5] rep2 tilelang_abs/H1/primary [stages=2,x_depth_control=1] ...
      median=1.0163 ms  (135.2 TF/s)  compile=4.7s  gate=PASS  maxerr=0.08618
[driver] done in 46s -> /home/lxt230026/MultiKernelBench/ako_runs/phase1_matmul/results/abstraction_depth/summary.json
== confirm 20:39:05
[preflight] GPU 0 is idle, build locks clear -- ok to measure
[driver] tag=confirm gpu=0 jobs=8 reps=5 -> 40 processes, order-seed=20260727, dist=rand
[1/40] rep0 triton/D/primary [BM=128,BN=256,BK=32,stages=2,kc=2048] ...
      median=1.0368 ms  (132.6 TF/s)  compile=0.4s  gate=PASS  maxerr=0.08618
[2/40] rep2 triton/D/primary [BM=128,BN=256,BK=32,stages=2,kc=2048] ...
      median=1.0563 ms  (130.1 TF/s)  compile=0.4s  gate=PASS  maxerr=0.08618
[3/40] rep0 cuda_unlimited/D/primary [BM=128,BN=256,BK=32,stages=4,kc=2048] ...
      median=1.0752 ms  (127.8 TF/s)  compile=0.2s  gate=PASS  maxerr=0.08618
[4/40] rep2 triton/D/primary [BM=128,BN=128,BK=32,stages=2,kc=2048] ...
      median=1.0527 ms  (130.6 TF/s)  compile=0.4s  gate=PASS  maxerr=0.08618
[5/40] rep3 cuda_noptx/D/primary [BM=256,BN=128,BK=32,stages=2,kc=2048] ...
      median=1.2933 ms  (106.3 TF/s)  compile=0.2s  gate=PASS  maxerr=0.08618
[6/40] rep4 triton/D/primary [BM=128,BN=256,BK=32,stages=2,kc=2048] ...
      median=1.0783 ms  (127.5 TF/s)  compile=0.4s  gate=PASS  maxerr=0.08618
[7/40] rep4 triton/D/primary [BM=128,BN=128,BK=32,stages=2,kc=2048] ...
      median=1.0737 ms  (128.0 TF/s)  compile=0.4s  gate=PASS  maxerr=0.08618
[8/40] rep3 triton/D/primary [BM=128,BN=128,BK=32,stages=2,kc=2048] ...
      median=1.0792 ms  (127.4 TF/s)  compile=0.4s  gate=PASS  maxerr=0.08618
[9/40] rep2 cuda_unlimited/D/primary [BM=128,BN=256,BK=32,stages=4,kc=2048] ...
      median=1.1008 ms  (124.9 TF/s)  compile=0.2s  gate=PASS  maxerr=0.08618
[10/40] rep3 cuda_noptx/D/primary [BM=128,BN=256,BK=32,stages=2,kc=2048] ...
      median=1.2856 ms  (106.9 TF/s)  compile=0.2s  gate=PASS  maxerr=0.08618
[11/40] rep1 cuda_unlimited/D/primary [BM=128,BN=256,BK=32,stages=4,kc=2048] ...
      median=1.1013 ms  (124.8 TF/s)  compile=0.2s  gate=PASS  maxerr=0.08618
[12/40] rep3 triton/D/primary [BM=128,BN=256,BK=32,stages=2,kc=2048] ...
      median=1.0938 ms  (125.6 TF/s)  compile=0.4s  gate=PASS  maxerr=0.08618
[13/40] rep4 tilelang/D/primary [BM=256,BN=128,BK=64,stages=2,kc=2048] ...
      median=0.9964 ms  (137.9 TF/s)  compile=4.5s  gate=PASS  maxerr=0.08618
[14/40] rep4 cuda_unlimited/D/primary [BM=256,BN=128,BK=32,stages=4,kc=2048] ...
      median=1.1560 ms  (118.9 TF/s)  compile=0.2s  gate=PASS  maxerr=0.08618
[15/40] rep0 cuda_unlimited/D/primary [BM=256,BN=128,BK=32,stages=4,kc=2048] ...
      median=1.1608 ms  (118.4 TF/s)  compile=0.2s  gate=PASS  maxerr=0.08618
[16/40] rep2 cuda_noptx/D/primary [BM=256,BN=128,BK=32,stages=2,kc=2048] ...
      median=1.3036 ms  (105.4 TF/s)  compile=0.2s  gate=PASS  maxerr=0.08618
[17/40] rep3 tilelang/D/primary [BM=128,BN=256,BK=64,stages=2,kc=2048] ...
      median=0.9733 ms  (141.2 TF/s)  compile=4.6s  gate=PASS  maxerr=0.08618
[18/40] rep3 cuda_unlimited/D/primary [BM=128,BN=256,BK=32,stages=4,kc=2048] ...
      median=1.1162 ms  (123.1 TF/s)  compile=0.2s  gate=PASS  maxerr=0.08618
[19/40] rep3 tilelang/D/primary [BM=256,BN=128,BK=64,stages=2,kc=2048] ...
      median=0.9964 ms  (137.9 TF/s)  compile=4.4s  gate=PASS  maxerr=0.08618
[20/40] rep0 triton/D/primary [BM=128,BN=128,BK=32,stages=2,kc=2048] ...
      median=1.0788 ms  (127.4 TF/s)  compile=0.4s  gate=PASS  maxerr=0.08618
[21/40] rep1 cuda_unlimited/D/primary [BM=256,BN=128,BK=32,stages=4,kc=2048] ...
      median=1.1505 ms  (119.5 TF/s)  compile=0.2s  gate=PASS  maxerr=0.08618
[22/40] rep0 tilelang/D/primary [BM=256,BN=128,BK=64,stages=2,kc=2048] ...
      median=0.9856 ms  (139.4 TF/s)  compile=4.4s  gate=PASS  maxerr=0.08618
[23/40] rep1 tilelang/D/primary [BM=256,BN=128,BK=64,stages=2,kc=2048] ...
      median=0.9769 ms  (140.7 TF/s)  compile=4.5s  gate=PASS  maxerr=0.08618
[24/40] rep2 cuda_noptx/D/primary [BM=128,BN=256,BK=32,stages=2,kc=2048] ...
      median=1.2585 ms  (109.2 TF/s)  compile=0.2s  gate=PASS  maxerr=0.08618
[25/40] rep4 cuda_noptx/D/primary [BM=128,BN=256,BK=32,stages=2,kc=2048] ...
      median=1.2698 ms  (108.2 TF/s)  compile=0.2s  gate=PASS  maxerr=0.08618
[26/40] rep1 triton/D/primary [BM=128,BN=256,BK=32,stages=2,kc=2048] ...
      median=1.0931 ms  (125.7 TF/s)  compile=0.4s  gate=PASS  maxerr=0.08618
[27/40] rep2 cuda_unlimited/D/primary [BM=256,BN=128,BK=32,stages=4,kc=2048] ...
      median=1.1494 ms  (119.6 TF/s)  compile=0.2s  gate=PASS  maxerr=0.08618
[28/40] rep4 cuda_noptx/D/primary [BM=256,BN=128,BK=32,stages=2,kc=2048] ...
      median=1.3148 ms  (104.5 TF/s)  compile=0.2s  gate=PASS  maxerr=0.08618
[29/40] rep3 cuda_unlimited/D/primary [BM=256,BN=128,BK=32,stages=4,kc=2048] ...
      median=1.1546 ms  (119.0 TF/s)  compile=0.2s  gate=PASS  maxerr=0.08618
[30/40] rep2 tilelang/D/primary [BM=128,BN=256,BK=64,stages=2,kc=2048] ...
      median=0.9779 ms  (140.5 TF/s)  compile=4.5s  gate=PASS  maxerr=0.08618
[31/40] rep0 cuda_noptx/D/primary [BM=128,BN=256,BK=32,stages=2,kc=2048] ...
      median=1.2780 ms  (107.5 TF/s)  compile=0.2s  gate=PASS  maxerr=0.08618
[32/40] rep0 tilelang/D/primary [BM=128,BN=256,BK=64,stages=2,kc=2048] ...
      median=0.9851 ms  (139.5 TF/s)  compile=4.5s  gate=PASS  maxerr=0.08618
[33/40] rep1 cuda_noptx/D/primary [BM=256,BN=128,BK=32,stages=2,kc=2048] ...
      median=1.2677 ms  (108.4 TF/s)  compile=0.2s  gate=PASS  maxerr=0.08618
[34/40] rep4 tilelang/D/primary [BM=128,BN=256,BK=64,stages=2,kc=2048] ...
      median=0.9784 ms  (140.5 TF/s)  compile=4.5s  gate=PASS  maxerr=0.08618
[35/40] rep4 cuda_unlimited/D/primary [BM=128,BN=256,BK=32,stages=4,kc=2048] ...
      median=1.0916 ms  (125.9 TF/s)  compile=0.2s  gate=PASS  maxerr=0.08618
[36/40] rep1 triton/D/primary [BM=128,BN=128,BK=32,stages=2,kc=2048] ...
      median=1.0783 ms  (127.5 TF/s)  compile=0.4s  gate=PASS  maxerr=0.08618
[37/40] rep1 cuda_noptx/D/primary [BM=128,BN=256,BK=32,stages=2,kc=2048] ...
      median=1.2790 ms  (107.5 TF/s)  compile=0.2s  gate=PASS  maxerr=0.08618
[38/40] rep1 tilelang/D/primary [BM=128,BN=256,BK=64,stages=2,kc=2048] ...
      median=0.9718 ms  (141.4 TF/s)  compile=4.6s  gate=PASS  maxerr=0.08618
[39/40] rep2 tilelang/D/primary [BM=256,BN=128,BK=64,stages=2,kc=2048] ...
      median=0.9805 ms  (140.2 TF/s)  compile=4.5s  gate=PASS  maxerr=0.08618
[40/40] rep0 cuda_noptx/D/primary [BM=256,BN=128,BK=32,stages=2,kc=2048] ...
      median=1.2841 ms  (107.0 TF/s)  compile=0.2s  gate=PASS  maxerr=0.08618
[driver] done in 226s -> /home/lxt230026/MultiKernelBench/ako_runs/phase1_matmul/results/confirm/summary.json
== compile_cost 20:42:53
tilelang/A   cold compile   10.63 s   (self-reported 10.63 s)
tilelang/D   cold compile    5.21 s   (self-reported 5.21 s)
triton/A   cold compile    1.31 s   (self-reported 1.31 s)
triton/D   cold compile    1.04 s   (self-reported 1.03 s)
cuda_noptx/A   cold compile   37.94 s   (self-reported 36.92 s)
cuda_noptx/D   cold compile   37.27 s   (self-reported 36.52 s)
cuda_unlimited/A   cold compile   36.34 s   (self-reported 36.24 s)
cuda_unlimited/D   cold compile   36.33 s   (self-reported 36.23 s)
-> /home/lxt230026/MultiKernelBench/ako_runs/phase1_matmul/results/compile_cost.json

| DSL | variant | cold compile s |
|---|---|---|
| tilelang | A | 10.6 |
| tilelang | D | 5.2 |
| triton | A | 1.3 |
| triton | D | 1.0 |
| cuda_noptx | A | 37.9 |
| cuda_noptx | D | 37.3 |
| cuda_unlimited | A | 36.3 |
| cuda_unlimited | D | 36.3 |
FOLLOWUPS DONE 20:45:52
