[driver] tag=matched gpu=0 jobs=34 reps=5 -> 170 processes, order-seed=20260727, dist=rand
[1/170] rep2 triton/B/secondary ...
      median=0.8900 ms  (154.4 TF/s)  compile=0.6s  gate=FAIL  maxerr=0.2334
[2/170] rep1 cuda_unlimited/B/secondary ...
      median=0.9446 ms  (145.5 TF/s)  compile=20.8s  gate=FAIL  maxerr=0.2334
[3/170] rep4 tilelang/B/primary ...
      median=0.9432 ms  (145.7 TF/s)  compile=4.2s  gate=FAIL  maxerr=0.2334
[4/170] rep3 cuda_unlimited/D/primary ...
      median=1.0691 ms  (128.6 TF/s)  compile=0.2s  gate=PASS  maxerr=0.08618
[5/170] rep0 cuda_noptx/A/primary ...
      median=5.0319 ms  (27.3 TF/s)  compile=0.2s  gate=PASS  maxerr=0.01416
[6/170] rep0 tilelang/C/secondary ...
      median=0.8500 ms  (161.7 TF/s)  compile=4.4s  gate=PASS  maxerr=0.08618
[7/170] rep1 cuda_noptx/D/primary ...
      median=1.2196 ms  (112.7 TF/s)  compile=0.2s  gate=PASS  maxerr=0.08618
[8/170] rep2 cuda_unlimited/C/primary ...
      median=1.0968 ms  (125.3 TF/s)  compile=0.2s  gate=PASS  maxerr=0.08618
[9/170] rep2 tilelang/A/primary ...
      median=6.0570 ms  (22.7 TF/s)  compile=10.9s  gate=PASS  maxerr=0.01416
[10/170] rep2 cuda_noptx/C/secondary ...
      median=1.4088 ms  (97.6 TF/s)  compile=29.0s  gate=PASS  maxerr=0.08618
[11/170] rep4 cuda_unlimited/A/secondary ...
      median=9.8744 ms  (13.9 TF/s)  compile=0.2s  gate=PASS  maxerr=0.01416
[12/170] rep3 cuda_noptx/C/primary ...
      median=1.6128 ms  (85.2 TF/s)  compile=0.2s  gate=PASS  maxerr=0.08618
[13/170] rep4 cuda_noptx/B/primary ...
      median=1.0706 ms  (128.4 TF/s)  compile=0.2s  gate=FAIL  maxerr=0.2334
[14/170] rep1 tilelang/D/secondary ...
      median=0.7075 ms  (194.3 TF/s)  compile=4.8s  gate=PASS  maxerr=0.08618
[15/170] rep2 tilelang/D/primary ...
      median=0.9032 ms  (152.2 TF/s)  compile=5.3s  gate=PASS  maxerr=0.08618
[16/170] rep4 cuda_unlimited/D/primary ...
      median=1.0895 ms  (126.1 TF/s)  compile=0.2s  gate=PASS  maxerr=0.08618
[17/170] rep3 tilelang/B/primary ...
      median=0.8669 ms  (158.5 TF/s)  compile=4.1s  gate=FAIL  maxerr=0.2334
[18/170] rep4 cuda_noptx/D/secondary ...
      median=1.3020 ms  (105.6 TF/s)  compile=0.2s  gate=PASS  maxerr=0.08618
[19/170] rep2 cuda_unlimited/C/secondary ...
