==================================================================
== matched  (34 jobs x 5 reps)  19:09:01
==================================================================
[preflight] GPU 0 is idle, build locks clear -- ok to measure
[driver] tag=matched gpu=0 jobs=34 reps=5 -> 170 processes, order-seed=20260727, dist=rand
[1/170] rep2 triton/B/secondary ...
      median=0.9600 ms  (143.2 TF/s)  compile=0.5s  gate=FAIL  maxerr=0.2334
[2/170] rep1 cuda_unlimited/B/secondary ...
      median=0.9636 ms  (142.6 TF/s)  compile=0.2s  gate=FAIL  maxerr=0.2334
[3/170] rep4 tilelang/B/primary ...
      median=1.0035 ms  (137.0 TF/s)  compile=4.1s  gate=FAIL  maxerr=0.2334
[4/170] rep3 cuda_unlimited/D/primary ...
      median=1.2012 ms  (114.4 TF/s)  compile=0.2s  gate=PASS  maxerr=0.08618
[5/170] rep0 cuda_noptx/A/primary ...
      median=5.2500 ms  (26.2 TF/s)  compile=0.2s  gate=PASS  maxerr=0.01416
[6/170] rep0 tilelang/C/secondary ...
      median=0.9708 ms  (141.6 TF/s)  compile=4.3s  gate=PASS  maxerr=0.08618
[7/170] rep1 cuda_noptx/D/primary ...
      median=1.3619 ms  (100.9 TF/s)  compile=0.2s  gate=PASS  maxerr=0.08618
[8/170] rep2 cuda_unlimited/C/primary ...
      median=1.2042 ms  (114.1 TF/s)  compile=0.2s  gate=PASS  maxerr=0.08618
[9/170] rep2 tilelang/A/primary ...
      median=6.3580 ms  (21.6 TF/s)  compile=10.7s  gate=PASS  maxerr=0.01416
[10/170] rep2 cuda_noptx/C/secondary ...
      median=1.4368 ms  (95.7 TF/s)  compile=0.2s  gate=PASS  maxerr=0.08618
[11/170] rep4 cuda_unlimited/A/secondary ...
      median=4.8783 ms  (28.2 TF/s)  compile=36.6s  gate=PASS  maxerr=0.01416
[12/170] rep3 cuda_noptx/C/primary ...
      median=1.6208 ms  (84.8 TF/s)  compile=0.2s  gate=PASS  maxerr=0.08618
[13/170] rep4 cuda_noptx/B/primary ...
      median=1.1367 ms  (120.9 TF/s)  compile=0.2s  gate=FAIL  maxerr=0.2334
[14/170] rep1 tilelang/D/secondary ...
      median=1.0161 ms  (135.3 TF/s)  compile=4.7s  gate=PASS  maxerr=0.08618
[15/170] rep2 tilelang/D/primary ...
      median=1.0220 ms  (134.5 TF/s)  compile=5.0s  gate=PASS  maxerr=0.08618
[16/170] rep4 cuda_unlimited/D/primary ...
      median=1.2273 ms  (112.0 TF/s)  compile=0.2s  gate=PASS  maxerr=0.08618
[17/170] rep3 tilelang/B/primary ...
      median=1.0327 ms  (133.1 TF/s)  compile=4.1s  gate=FAIL  maxerr=0.2334
[18/170] rep4 cuda_noptx/D/secondary ...
      median=1.4790 ms  (92.9 TF/s)  compile=0.2s  gate=PASS  maxerr=0.08618
[19/170] rep2 cuda_unlimited/C/secondary ...
      median=1.0645 ms  (129.1 TF/s)  compile=0.2s  gate=PASS  maxerr=0.08618
[20/170] rep2 cuda_noptx/D/primary ...
      median=1.3619 ms  (100.9 TF/s)  compile=0.2s  gate=PASS  maxerr=0.08618
[21/170] rep3 triton/C/primary ...
      median=1.5769 ms  (87.2 TF/s)  compile=0.4s  gate=PASS  maxerr=0.08618
[22/170] rep0 tilelang/C/primary ...
      median=1.0864 ms  (126.5 TF/s)  compile=4.2s  gate=PASS  maxerr=0.08618
[23/170] rep4 triton/C/secondary ...
      median=1.4183 ms  (96.9 TF/s)  compile=0.9s  gate=PASS  maxerr=0.08618
[24/170] rep2 triton/A/secondary ...
      median=4.7181 ms  (29.1 TF/s)  compile=1.6s  gate=PASS  maxerr=0.01416
[25/170] rep4 tilelang/C/secondary ...
      median=0.9667 ms  (142.2 TF/s)  compile=4.6s  gate=PASS  maxerr=0.08618
[26/170] rep1 cuda_noptx/C/secondary ...
      median=1.4358 ms  (95.7 TF/s)  compile=0.2s  gate=PASS  maxerr=0.08618
[27/170] rep1 cuda_unlimited/C/primary ...
      median=1.2083 ms  (113.7 TF/s)  compile=0.2s  gate=PASS  maxerr=0.08618
[28/170] rep2 tilelang/C/primary ...
      median=1.0968 ms  (125.3 TF/s)  compile=4.3s  gate=PASS  maxerr=0.08618
[29/170] rep0 cuda_unlimited/B/secondary ...
      median=1.0040 ms  (136.9 TF/s)  compile=0.2s  gate=FAIL  maxerr=0.2334
[30/170] rep0 tilelang/D/primary ...
      median=1.0476 ms  (131.2 TF/s)  compile=5.1s  gate=PASS  maxerr=0.08618
[31/170] rep1 cuda_noptx/A/primary ...
      median=5.3668 ms  (25.6 TF/s)  compile=0.2s  gate=PASS  maxerr=0.01416
[32/170] rep2 tilelang/B/primary ...
      median=1.0424 ms  (131.8 TF/s)  compile=4.2s  gate=FAIL  maxerr=0.2334
[33/170] rep0 triton/B/primary ...
      median=1.1351 ms  (121.1 TF/s)  compile=0.4s  gate=FAIL  maxerr=0.2334
[34/170] rep3 cuda_unlimited/D/secondary ...
      median=1.1997 ms  (114.6 TF/s)  compile=0.2s  gate=PASS  maxerr=0.08618
[35/170] rep1 cuda_unlimited/A/secondary ...
      median=5.1358 ms  (26.8 TF/s)  compile=0.2s  gate=PASS  maxerr=0.01416
[36/170] rep0 cuda_unlimited/B/primary ...
      median=1.1279 ms  (121.8 TF/s)  compile=0.2s  gate=FAIL  maxerr=0.2334
[37/170] rep0 tilelang/D/secondary ...
      median=1.0394 ms  (132.2 TF/s)  compile=4.8s  gate=PASS  maxerr=0.08618
[38/170] rep2 cuda_unlimited/B/secondary ...
      median=1.0209 ms  (134.6 TF/s)  compile=0.2s  gate=FAIL  maxerr=0.2334
[39/170] rep3 cuda_noptx/C/secondary ...
      median=1.4377 ms  (95.6 TF/s)  compile=0.2s  gate=PASS  maxerr=0.08618
[40/170] rep0 tilelang/B/primary ...
      median=1.0511 ms  (130.8 TF/s)  compile=4.2s  gate=FAIL  maxerr=0.2334
[41/170] rep4 triton/B/secondary ...
      median=1.0322 ms  (133.2 TF/s)  compile=0.4s  gate=FAIL  maxerr=0.2334
[42/170] rep0 torch/A/primary ...
      median=4.7165 ms  (29.1 TF/s)  compile=0.1s  gate=PASS  maxerr=0
[43/170] rep0 cuda_noptx/D/primary ...
      median=1.4049 ms  (97.8 TF/s)  compile=0.2s  gate=PASS  maxerr=0.08618
[44/170] rep3 triton/B/primary ...
      median=1.1428 ms  (120.3 TF/s)  compile=0.4s  gate=FAIL  maxerr=0.2334
[45/170] rep1 triton/A/secondary ...
      median=4.7268 ms  (29.1 TF/s)  compile=0.4s  gate=PASS  maxerr=0.01416
[46/170] rep0 tilelang/A/primary ...
      median=6.4640 ms  (21.3 TF/s)  compile=11.0s  gate=PASS  maxerr=0.01416
[47/170] rep4 cuda_unlimited/C/secondary ...
      median=1.0701 ms  (128.4 TF/s)  compile=0.2s  gate=PASS  maxerr=0.08618
[48/170] rep1 cuda_unlimited/A/primary ...
      median=5.4810 ms  (25.1 TF/s)  compile=0.2s  gate=PASS  maxerr=0.01416
[49/170] rep4 torch/A/primary ...
      median=4.7176 ms  (29.1 TF/s)  compile=0.1s  gate=PASS  maxerr=0
[50/170] rep1 cuda_noptx/B/secondary ...
      median=1.1709 ms  (117.4 TF/s)  compile=0.2s  gate=FAIL  maxerr=0.2334
[51/170] rep1 triton/B/primary ...
      median=1.1397 ms  (120.6 TF/s)  compile=0.4s  gate=FAIL  maxerr=0.2334
[52/170] rep3 cuda_noptx/D/secondary ...
      median=1.5149 ms  (90.7 TF/s)  compile=0.2s  gate=PASS  maxerr=0.08618
[53/170] rep3 cuda_unlimited/C/primary ...
      median=1.2288 ms  (111.8 TF/s)  compile=0.2s  gate=PASS  maxerr=0.08618
[54/170] rep2 cuda_unlimited/A/primary ...
      median=5.5660 ms  (24.7 TF/s)  compile=0.2s  gate=PASS  maxerr=0.01416
[55/170] rep3 triton/D/secondary ...
      median=1.9512 ms  (70.4 TF/s)  compile=0.4s  gate=PASS  maxerr=0.08618
[56/170] rep1 triton/D/primary ...
      median=1.1837 ms  (116.1 TF/s)  compile=0.4s  gate=PASS  maxerr=0.08618
[57/170] rep3 cuda_unlimited/B/primary ...
      median=1.1264 ms  (122.0 TF/s)  compile=0.2s  gate=FAIL  maxerr=0.2334
[58/170] rep2 triton/C/primary ...
      median=1.5872 ms  (86.6 TF/s)  compile=0.4s  gate=PASS  maxerr=0.08618
[59/170] rep3 cuda_noptx/B/primary ...
      median=1.1798 ms  (116.5 TF/s)  compile=0.2s  gate=FAIL  maxerr=0.2334
[60/170] rep4 cuda_unlimited/C/primary ...
      median=1.2406 ms  (110.8 TF/s)  compile=0.2s  gate=PASS  maxerr=0.08618
[61/170] rep4 tilelang/C/primary ...
      median=1.1121 ms  (123.6 TF/s)  compile=4.0s  gate=PASS  maxerr=0.08618
[62/170] rep0 triton/C/secondary ...
      median=1.4223 ms  (96.6 TF/s)  compile=0.4s  gate=PASS  maxerr=0.08618
[63/170] rep4 cuda_noptx/A/primary ...
      median=5.4149 ms  (25.4 TF/s)  compile=0.2s  gate=PASS  maxerr=0.01416
[64/170] rep0 cuda_noptx/B/secondary ...
      median=1.1742 ms  (117.1 TF/s)  compile=0.2s  gate=FAIL  maxerr=0.2334
[65/170] rep4 cuda_unlimited/D/secondary ...
      median=1.2247 ms  (112.2 TF/s)  compile=0.2s  gate=PASS  maxerr=0.08618
[66/170] rep2 tilelang/D/secondary ...
      median=1.0506 ms  (130.8 TF/s)  compile=4.6s  gate=PASS  maxerr=0.08618
[67/170] rep1 cuda_unlimited/D/primary ...
      median=1.2667 ms  (108.5 TF/s)  compile=0.2s  gate=PASS  maxerr=0.08618
[68/170] rep3 tilelang/C/secondary ...
      median=0.9952 ms  (138.1 TF/s)  compile=4.3s  gate=PASS  maxerr=0.08618
[69/170] rep1 cuda_unlimited/B/primary ...
      median=1.1131 ms  (123.5 TF/s)  compile=0.2s  gate=FAIL  maxerr=0.2334
[70/170] rep1 triton/D/secondary ...
      median=1.9393 ms  (70.9 TF/s)  compile=0.4s  gate=PASS  maxerr=0.08618
[71/170] rep4 tilelang/A/primary ...
      median=6.4645 ms  (21.3 TF/s)  compile=10.4s  gate=PASS  maxerr=0.01416
[72/170] rep0 torch/B/primary ...
      median=1.1684 ms  (117.6 TF/s)  compile=0.2s  gate=FAIL  maxerr=1.821
[73/170] rep4 cuda_unlimited/B/secondary ...
      median=1.0120 ms  (135.8 TF/s)  compile=0.2s  gate=FAIL  maxerr=0.2334
[74/170] rep2 cuda_noptx/B/secondary ...
      median=1.1716 ms  (117.3 TF/s)  compile=0.2s  gate=FAIL  maxerr=0.2334
[75/170] rep0 cuda_noptx/B/primary ...
      median=1.1658 ms  (117.9 TF/s)  compile=0.2s  gate=FAIL  maxerr=0.2334
[76/170] rep1 cuda_noptx/D/secondary ...
      median=1.5188 ms  (90.5 TF/s)  compile=0.2s  gate=PASS  maxerr=0.08618
[77/170] rep2 cuda_noptx/B/primary ...
      median=1.1699 ms  (117.5 TF/s)  compile=0.2s  gate=FAIL  maxerr=0.2334
[78/170] rep2 cuda_unlimited/D/primary ...
      median=1.2800 ms  (107.4 TF/s)  compile=0.2s  gate=PASS  maxerr=0.08618
[79/170] rep2 tilelang/B/secondary ...
      median=0.9280 ms  (148.1 TF/s)  compile=4.1s  gate=FAIL  maxerr=0.2334
[80/170] rep3 cuda_noptx/B/secondary ...
      median=1.1684 ms  (117.6 TF/s)  compile=0.2s  gate=FAIL  maxerr=0.2334
[81/170] rep1 tilelang/A/primary ...
      median=6.4625 ms  (21.3 TF/s)  compile=10.3s  gate=PASS  maxerr=0.01416
[82/170] rep0 cuda_unlimited/A/secondary ...
      median=5.0724 ms  (27.1 TF/s)  compile=0.2s  gate=PASS  maxerr=0.01416
[83/170] rep2 triton/C/secondary ...
      median=1.4234 ms  (96.6 TF/s)  compile=0.4s  gate=PASS  maxerr=0.08618
[84/170] rep4 triton/D/primary ...
      median=1.1715 ms  (117.3 TF/s)  compile=0.4s  gate=PASS  maxerr=0.08618
[85/170] rep1 tilelang/C/secondary ...
      median=0.9953 ms  (138.1 TF/s)  compile=4.2s  gate=PASS  maxerr=0.08618
[86/170] rep0 cuda_noptx/C/secondary ...
      median=1.4365 ms  (95.7 TF/s)  compile=0.2s  gate=PASS  maxerr=0.08618
[87/170] rep1 triton/B/secondary ...
      median=1.0204 ms  (134.7 TF/s)  compile=0.4s  gate=FAIL  maxerr=0.2334
[88/170] rep3 triton/A/primary ...
      median=5.1927 ms  (26.5 TF/s)  compile=0.4s  gate=PASS  maxerr=0.01416
[89/170] rep0 triton/A/secondary ...
      median=4.7964 ms  (28.7 TF/s)  compile=0.4s  gate=PASS  maxerr=0.01416
[90/170] rep1 cuda_noptx/C/primary ...
      median=1.6476 ms  (83.4 TF/s)  compile=0.2s  gate=PASS  maxerr=0.08618
[91/170] rep0 cuda_noptx/D/secondary ...
      median=1.5276 ms  (90.0 TF/s)  compile=0.2s  gate=PASS  maxerr=0.08618
[92/170] rep0 triton/D/primary ...
      median=1.1602 ms  (118.5 TF/s)  compile=0.4s  gate=PASS  maxerr=0.08618
[93/170] rep1 cuda_unlimited/D/secondary ...
      median=1.2165 ms  (113.0 TF/s)  compile=0.2s  gate=PASS  maxerr=0.08618
[94/170] rep3 torch/A/primary ...
      median=4.7171 ms  (29.1 TF/s)  compile=0.1s  gate=PASS  maxerr=0
[95/170] rep2 cuda_unlimited/D/secondary ...
      median=1.2268 ms  (112.0 TF/s)  compile=0.2s  gate=PASS  maxerr=0.08618
[96/170] rep1 cuda_noptx/A/secondary ...
      median=5.1083 ms  (26.9 TF/s)  compile=0.2s  gate=PASS  maxerr=0.01416
[97/170] rep0 triton/D/secondary ...
      median=1.9743 ms  (69.6 TF/s)  compile=0.4s  gate=PASS  maxerr=0.08618
[98/170] rep4 cuda_noptx/A/secondary ...
      median=5.1092 ms  (26.9 TF/s)  compile=0.2s  gate=PASS  maxerr=0.01416
[99/170] rep1 triton/C/secondary ...
      median=1.4259 ms  (96.4 TF/s)  compile=0.4s  gate=PASS  maxerr=0.08618
[100/170] rep3 tilelang/A/secondary ...
      median=6.0626 ms  (22.7 TF/s)  compile=19.1s  gate=PASS  maxerr=0.01416
[101/170] rep4 tilelang/A/secondary ...
      median=6.0334 ms  (22.8 TF/s)  compile=18.3s  gate=PASS  maxerr=0.01416
[102/170] rep1 cuda_unlimited/C/secondary ...
      median=1.0614 ms  (129.5 TF/s)  compile=0.2s  gate=PASS  maxerr=0.08618
[103/170] rep4 cuda_noptx/C/secondary ...
      median=1.4357 ms  (95.7 TF/s)  compile=0.2s  gate=PASS  maxerr=0.08618
[104/170] rep4 cuda_noptx/B/secondary ...
      median=1.1674 ms  (117.7 TF/s)  compile=0.2s  gate=FAIL  maxerr=0.2334
[105/170] rep3 cuda_noptx/D/primary ...
      median=1.3763 ms  (99.9 TF/s)  compile=0.2s  gate=PASS  maxerr=0.08618
[106/170] rep4 cuda_noptx/C/primary ...
      median=1.6349 ms  (84.1 TF/s)  compile=0.2s  gate=PASS  maxerr=0.08618
[107/170] rep0 cuda_unlimited/D/primary ...
      median=1.2534 ms  (109.7 TF/s)  compile=0.2s  gate=PASS  maxerr=0.08618
[108/170] rep3 cuda_noptx/A/secondary ...
      median=5.0309 ms  (27.3 TF/s)  compile=0.2s  gate=PASS  maxerr=0.01416
[109/170] rep1 torch/B/primary ...
      median=1.1694 ms  (117.5 TF/s)  compile=0.1s  gate=FAIL  maxerr=1.821
[110/170] rep4 cuda_noptx/D/primary ...
      median=1.4060 ms  (97.8 TF/s)  compile=0.2s  gate=PASS  maxerr=0.08618
[111/170] rep0 tilelang/B/secondary ...
      median=0.9207 ms  (149.3 TF/s)  compile=3.9s  gate=FAIL  maxerr=0.2334
[112/170] rep4 triton/C/primary ...
      median=1.5770 ms  (87.2 TF/s)  compile=0.4s  gate=PASS  maxerr=0.08618
[113/170] rep0 triton/B/secondary ...
      median=1.0363 ms  (132.6 TF/s)  compile=0.3s  gate=FAIL  maxerr=0.2334
[114/170] rep3 cuda_noptx/A/primary ...
      median=5.4066 ms  (25.4 TF/s)  compile=0.2s  gate=PASS  maxerr=0.01416
[115/170] rep4 tilelang/D/secondary ...
      median=1.0394 ms  (132.2 TF/s)  compile=4.5s  gate=PASS  maxerr=0.08618
[116/170] rep0 tilelang/A/secondary ...
      median=6.0554 ms  (22.7 TF/s)  compile=18.5s  gate=PASS  maxerr=0.01416
[117/170] rep1 triton/A/primary ...
      median=5.0600 ms  (27.2 TF/s)  compile=0.4s  gate=PASS  maxerr=0.01416
[118/170] rep4 torch/B/primary ...
      median=1.1510 ms  (119.4 TF/s)  compile=0.1s  gate=FAIL  maxerr=1.821
[119/170] rep3 tilelang/D/secondary ...
      median=1.0291 ms  (133.5 TF/s)  compile=4.4s  gate=PASS  maxerr=0.08618
[120/170] rep1 cuda_noptx/B/primary ...
      median=1.1474 ms  (119.8 TF/s)  compile=0.2s  gate=FAIL  maxerr=0.2334
[121/170] rep3 triton/B/secondary ...
      median=1.0333 ms  (133.0 TF/s)  compile=0.4s  gate=FAIL  maxerr=0.2334
[122/170] rep3 triton/C/secondary ...
      median=1.4213 ms  (96.7 TF/s)  compile=0.4s  gate=PASS  maxerr=0.08618
[123/170] rep1 tilelang/C/primary ...
      median=1.1022 ms  (124.7 TF/s)  compile=3.9s  gate=PASS  maxerr=0.08618
[124/170] rep4 triton/B/primary ...
      median=1.1387 ms  (120.7 TF/s)  compile=0.4s  gate=FAIL  maxerr=0.2334
[125/170] rep3 triton/A/secondary ...
      median=4.7534 ms  (28.9 TF/s)  compile=0.4s  gate=PASS  maxerr=0.01416
[126/170] rep3 cuda_unlimited/B/secondary ...
      median=1.0117 ms  (135.8 TF/s)  compile=0.2s  gate=FAIL  maxerr=0.2334
[127/170] rep4 tilelang/D/primary ...
      median=1.0598 ms  (129.7 TF/s)  compile=4.7s  gate=PASS  maxerr=0.08618
[128/170] rep3 triton/D/primary ...
      median=1.1745 ms  (117.0 TF/s)  compile=0.4s  gate=PASS  maxerr=0.08618
[129/170] rep0 cuda_unlimited/C/secondary ...
      median=1.0869 ms  (126.4 TF/s)  compile=0.2s  gate=PASS  maxerr=0.08618
[130/170] rep1 tilelang/D/primary ...
      median=1.0598 ms  (129.7 TF/s)  compile=4.8s  gate=PASS  maxerr=0.08618
[131/170] rep0 triton/C/primary ...
      median=1.5698 ms  (87.6 TF/s)  compile=0.4s  gate=PASS  maxerr=0.08618
[132/170] rep4 triton/A/primary ...
      median=5.1144 ms  (26.9 TF/s)  compile=0.4s  gate=PASS  maxerr=0.01416
[133/170] rep0 cuda_unlimited/C/primary ...
      median=1.2103 ms  (113.6 TF/s)  compile=0.2s  gate=PASS  maxerr=0.08618
[134/170] rep4 triton/D/secondary ...
      median=1.9379 ms  (70.9 TF/s)  compile=0.4s  gate=PASS  maxerr=0.08618
[135/170] rep2 cuda_unlimited/B/primary ...
      median=1.1372 ms  (120.9 TF/s)  compile=0.2s  gate=FAIL  maxerr=0.2334
[136/170] rep1 tilelang/A/secondary ...
      median=6.0595 ms  (22.7 TF/s)  compile=18.4s  gate=PASS  maxerr=0.01416
[137/170] rep2 cuda_noptx/A/secondary ...
      median=5.0028 ms  (27.5 TF/s)  compile=0.2s  gate=PASS  maxerr=0.01416
[138/170] rep3 tilelang/B/secondary ...
      median=0.9138 ms  (150.4 TF/s)  compile=3.9s  gate=FAIL  maxerr=0.2334
[139/170] rep2 tilelang/C/secondary ...
      median=0.9871 ms  (139.2 TF/s)  compile=4.0s  gate=PASS  maxerr=0.08618
[140/170] rep2 triton/D/secondary ...
      median=1.8954 ms  (72.5 TF/s)  compile=0.3s  gate=PASS  maxerr=0.08618
[141/170] rep2 torch/B/primary ...
      median=1.1684 ms  (117.6 TF/s)  compile=0.2s  gate=FAIL  maxerr=1.821
[142/170] rep2 cuda_unlimited/A/secondary ...
      median=5.0749 ms  (27.1 TF/s)  compile=0.2s  gate=PASS  maxerr=0.01416
[143/170] rep3 torch/B/primary ...
      median=1.1694 ms  (117.5 TF/s)  compile=0.1s  gate=FAIL  maxerr=1.821
[144/170] rep0 cuda_unlimited/A/primary ...
      median=5.5081 ms  (25.0 TF/s)  compile=0.2s  gate=PASS  maxerr=0.01416
[145/170] rep2 cuda_noptx/C/primary ...
      median=1.6424 ms  (83.7 TF/s)  compile=0.2s  gate=PASS  maxerr=0.08618
[146/170] rep2 triton/B/primary ...
      median=1.1505 ms  (119.5 TF/s)  compile=0.4s  gate=FAIL  maxerr=0.2334
[147/170] rep2 triton/D/primary ...
      median=1.1715 ms  (117.3 TF/s)  compile=0.4s  gate=PASS  maxerr=0.08618
[148/170] rep4 cuda_unlimited/B/primary ...
      median=1.1412 ms  (120.4 TF/s)  compile=0.2s  gate=FAIL  maxerr=0.2334
[149/170] rep0 cuda_noptx/A/secondary ...
      median=5.0637 ms  (27.1 TF/s)  compile=0.2s  gate=PASS  maxerr=0.01416
[150/170] rep0 cuda_unlimited/D/secondary ...
      median=1.2124 ms  (113.4 TF/s)  compile=0.2s  gate=PASS  maxerr=0.08618
[151/170] rep2 cuda_noptx/A/primary ...
      median=5.4282 ms  (25.3 TF/s)  compile=0.2s  gate=PASS  maxerr=0.01416
[152/170] rep0 cuda_noptx/C/primary ...
      median=1.6466 ms  (83.5 TF/s)  compile=0.2s  gate=PASS  maxerr=0.08618
[153/170] rep0 triton/A/primary ...
      median=5.1517 ms  (26.7 TF/s)  compile=0.4s  gate=PASS  maxerr=0.01416
[154/170] rep2 triton/A/primary ...
      median=5.2014 ms  (26.4 TF/s)  compile=0.4s  gate=PASS  maxerr=0.01416
[155/170] rep4 tilelang/B/secondary ...
      median=0.9283 ms  (148.1 TF/s)  compile=3.8s  gate=FAIL  maxerr=0.2334
[156/170] rep3 tilelang/C/primary ...
      median=1.1018 ms  (124.7 TF/s)  compile=3.9s  gate=PASS  maxerr=0.08618
[157/170] rep3 cuda_unlimited/A/primary ...
      median=5.5076 ms  (25.0 TF/s)  compile=0.2s  gate=PASS  maxerr=0.01416
[158/170] rep1 torch/A/primary ...
      median=4.7176 ms  (29.1 TF/s)  compile=0.1s  gate=PASS  maxerr=0
[159/170] rep3 tilelang/A/primary ...
      median=6.4618 ms  (21.3 TF/s)  compile=9.8s  gate=PASS  maxerr=0.01416
[160/170] rep3 cuda_unlimited/A/secondary ...
      median=5.0575 ms  (27.2 TF/s)  compile=0.2s  gate=PASS  maxerr=0.01416
[161/170] rep1 tilelang/B/secondary ...
      median=0.9140 ms  (150.4 TF/s)  compile=3.8s  gate=FAIL  maxerr=0.2334
[162/170] rep3 tilelang/D/primary ...
      median=1.0465 ms  (131.3 TF/s)  compile=4.7s  gate=PASS  maxerr=0.08618
[163/170] rep2 cuda_noptx/D/secondary ...
      median=1.4889 ms  (92.3 TF/s)  compile=0.2s  gate=PASS  maxerr=0.08618
[164/170] rep2 torch/A/primary ...
      median=4.6597 ms  (29.5 TF/s)  compile=0.1s  gate=PASS  maxerr=0
[165/170] rep4 cuda_unlimited/A/primary ...
      median=5.5055 ms  (25.0 TF/s)  compile=0.2s  gate=PASS  maxerr=0.01416
[166/170] rep3 cuda_unlimited/C/secondary ...
      median=1.0803 ms  (127.2 TF/s)  compile=0.2s  gate=PASS  maxerr=0.08618
[167/170] rep4 triton/A/secondary ...
      median=4.7216 ms  (29.1 TF/s)  compile=0.4s  gate=PASS  maxerr=0.01416
[168/170] rep1 tilelang/B/primary ...
      median=1.0629 ms  (129.3 TF/s)  compile=3.8s  gate=FAIL  maxerr=0.2334
[169/170] rep1 triton/C/primary ...
      median=1.5673 ms  (87.7 TF/s)  compile=0.3s  gate=PASS  maxerr=0.08618
[170/170] rep2 tilelang/A/secondary ...
      median=6.0099 ms  (22.9 TF/s)  compile=18.7s  gate=PASS  maxerr=0.01416
[driver] done in 1103s -> /home/lxt230026/MultiKernelBench/ako_runs/phase1_matmul/results/matched/summary.json
==================================================================
== kc_sweep  (40 jobs x 3 reps)  19:27:25
==================================================================
[preflight] GPU 0 is idle, build locks clear -- ok to measure
[driver] tag=kc_sweep gpu=0 jobs=40 reps=3 -> 120 processes, order-seed=20260727, dist=rand
[1/120] rep1 cuda_noptx/D/primary [kc=8192] ...
      median=1.3061 ms  (105.2 TF/s)  compile=35.8s  gate=FAIL  maxerr=0.2334
[2/120] rep1 tilelang/C/primary [kc=1024] ...
      median=1.0429 ms  (131.8 TF/s)  compile=4.3s  gate=PASS  maxerr=0.06201
[3/120] rep1 triton/D/primary [kc=1024] ...
      median=1.0598 ms  (129.7 TF/s)  compile=0.9s  gate=PASS  maxerr=0.06201
[4/120] rep1 tilelang/D/primary [kc=8192] ...
      median=1.0387 ms  (132.3 TF/s)  compile=4.5s  gate=FAIL  maxerr=0.2334
[5/120] rep0 triton/C/primary [kc=4096] ...
      median=1.5632 ms  (87.9 TF/s)  compile=0.4s  gate=PASS  maxerr=0.134
[6/120] rep2 tilelang/D/primary [kc=1024] ...
      median=1.0111 ms  (135.9 TF/s)  compile=4.8s  gate=PASS  maxerr=0.06201
[7/120] rep2 triton/D/primary [kc=4096] ...
      median=1.1284 ms  (121.8 TF/s)  compile=0.6s  gate=PASS  maxerr=0.134
[8/120] rep2 cuda_unlimited/C/primary [kc=1024] ...
      median=1.1889 ms  (115.6 TF/s)  compile=0.2s  gate=PASS  maxerr=0.06201
[9/120] rep1 cuda_unlimited/C/primary [kc=512] ...
      median=1.2195 ms  (112.7 TF/s)  compile=0.2s  gate=PASS  maxerr=0.05042
[10/120] rep1 tilelang/D/primary [kc=2048] ...
      median=1.0353 ms  (132.8 TF/s)  compile=4.9s  gate=PASS  maxerr=0.08618
[11/120] rep1 cuda_noptx/C/primary [kc=8192] ...
      median=1.6296 ms  (84.3 TF/s)  compile=0.2s  gate=FAIL  maxerr=0.2334
[12/120] rep0 triton/C/primary [kc=2048] ...
      median=1.5811 ms  (86.9 TF/s)  compile=0.4s  gate=PASS  maxerr=0.08618
[13/120] rep0 cuda_unlimited/C/primary [kc=512] ...
      median=1.2191 ms  (112.7 TF/s)  compile=0.2s  gate=PASS  maxerr=0.05042
[14/120] rep1 tilelang/C/primary [kc=2048] ...
      median=1.0957 ms  (125.4 TF/s)  compile=4.1s  gate=PASS  maxerr=0.08618
[15/120] rep2 cuda_noptx/D/primary [kc=8192] ...
      median=1.3588 ms  (101.1 TF/s)  compile=0.2s  gate=FAIL  maxerr=0.2334
[16/120] rep0 tilelang/D/primary [kc=4096] ...
      median=1.0854 ms  (126.6 TF/s)  compile=4.5s  gate=PASS  maxerr=0.134
[17/120] rep2 cuda_noptx/C/primary [kc=1024] ...
      median=1.6169 ms  (85.0 TF/s)  compile=35.8s  gate=PASS  maxerr=0.06201
[18/120] rep1 tilelang/D/primary [kc=512] ...
      median=1.0342 ms  (132.9 TF/s)  compile=4.8s  gate=PASS  maxerr=0.05042
[19/120] rep2 cuda_unlimited/C/primary [kc=512] ...
      median=1.1817 ms  (116.3 TF/s)  compile=0.2s  gate=PASS  maxerr=0.05042
[20/120] rep0 cuda_unlimited/D/primary [kc=2048] ...
      median=1.2145 ms  (113.2 TF/s)  compile=0.2s  gate=PASS  maxerr=0.08618
[21/120] rep1 cuda_unlimited/D/primary [kc=512] ...
      median=1.1991 ms  (114.6 TF/s)  compile=35.5s  gate=PASS  maxerr=0.05042
[22/120] rep2 triton/D/primary [kc=2048] ...
      median=1.1178 ms  (123.0 TF/s)  compile=0.4s  gate=PASS  maxerr=0.08618
[23/120] rep0 cuda_unlimited/D/primary [kc=8192] ...
      median=1.1633 ms  (118.1 TF/s)  compile=35.9s  gate=FAIL  maxerr=0.2334
[24/120] rep0 cuda_noptx/C/primary [kc=1024] ...
      median=1.6208 ms  (84.8 TF/s)  compile=0.2s  gate=PASS  maxerr=0.06201
[25/120] rep0 triton/D/primary [kc=2048] ...
      median=1.1059 ms  (124.3 TF/s)  compile=0.4s  gate=PASS  maxerr=0.08618
[26/120] rep2 tilelang/D/primary [kc=2048] ...
      median=1.0107 ms  (136.0 TF/s)  compile=5.1s  gate=PASS  maxerr=0.08618
[27/120] rep2 tilelang/C/primary [kc=512] ...
      median=1.0716 ms  (128.3 TF/s)  compile=4.2s  gate=PASS  maxerr=0.05042
[28/120] rep2 triton/C/primary [kc=2048] ...
      median=1.5661 ms  (87.8 TF/s)  compile=0.4s  gate=PASS  maxerr=0.08618
[29/120] rep0 cuda_unlimited/C/primary [kc=1024] ...
      median=1.1909 ms  (115.4 TF/s)  compile=0.2s  gate=PASS  maxerr=0.06201
[30/120] rep2 tilelang/C/primary [kc=1024] ...
      median=1.0767 ms  (127.6 TF/s)  compile=4.4s  gate=PASS  maxerr=0.06201
[31/120] rep2 cuda_unlimited/C/primary [kc=2048] ...
      median=1.1935 ms  (115.2 TF/s)  compile=0.2s  gate=PASS  maxerr=0.08618
[32/120] rep0 tilelang/C/primary [kc=512] ...
      median=1.0879 ms  (126.3 TF/s)  compile=4.2s  gate=PASS  maxerr=0.05042
[33/120] rep0 cuda_noptx/D/primary [kc=4096] ...
      median=1.3312 ms  (103.2 TF/s)  compile=36.4s  gate=PASS  maxerr=0.134
[34/120] rep0 triton/D/primary [kc=4096] ...
      median=1.1079 ms  (124.1 TF/s)  compile=0.4s  gate=PASS  maxerr=0.134
[35/120] rep2 cuda_unlimited/D/primary [kc=1024] ...
      median=1.1930 ms  (115.2 TF/s)  compile=35.5s  gate=PASS  maxerr=0.06201
[36/120] rep0 triton/D/primary [kc=1024] ...
      median=1.0394 ms  (132.2 TF/s)  compile=0.4s  gate=PASS  maxerr=0.06201
[37/120] rep0 cuda_noptx/C/primary [kc=8192] ...
      median=1.6292 ms  (84.4 TF/s)  compile=0.2s  gate=FAIL  maxerr=0.2334
[38/120] rep1 triton/D/primary [kc=4096] ...
      median=1.1172 ms  (123.0 TF/s)  compile=0.4s  gate=PASS  maxerr=0.134
[39/120] rep0 cuda_noptx/C/primary [kc=2048] ...
      median=1.6271 ms  (84.5 TF/s)  compile=0.2s  gate=PASS  maxerr=0.08618
[40/120] rep2 triton/D/primary [kc=1024] ...
      median=1.0737 ms  (128.0 TF/s)  compile=0.4s  gate=PASS  maxerr=0.06201
[41/120] rep0 triton/D/primary [kc=512] ...
      median=1.1121 ms  (123.6 TF/s)  compile=0.3s  gate=PASS  maxerr=0.05042
[42/120] rep2 triton/D/primary [kc=512] ...
      median=1.1244 ms  (122.2 TF/s)  compile=0.4s  gate=PASS  maxerr=0.05042
[43/120] rep0 cuda_unlimited/D/primary [kc=512] ...
      median=1.2370 ms  (111.1 TF/s)  compile=0.2s  gate=PASS  maxerr=0.05042
[44/120] rep2 cuda_unlimited/C/primary [kc=8192] ...
      median=1.2134 ms  (113.3 TF/s)  compile=0.2s  gate=FAIL  maxerr=0.2334
[45/120] rep1 cuda_noptx/C/primary [kc=1024] ...
      median=1.6312 ms  (84.3 TF/s)  compile=0.2s  gate=PASS  maxerr=0.06201
[46/120] rep1 cuda_noptx/D/primary [kc=1024] ...
      median=1.3373 ms  (102.8 TF/s)  compile=36.5s  gate=PASS  maxerr=0.06201
[47/120] rep0 triton/D/primary [kc=8192] ...
      median=1.1018 ms  (124.7 TF/s)  compile=0.6s  gate=FAIL  maxerr=0.2334
[48/120] rep2 cuda_noptx/D/primary [kc=1024] ...
      median=1.3650 ms  (100.7 TF/s)  compile=0.2s  gate=PASS  maxerr=0.06201
[49/120] rep1 cuda_unlimited/D/primary [kc=8192] ...
      median=1.2237 ms  (112.3 TF/s)  compile=0.2s  gate=FAIL  maxerr=0.2334
[50/120] rep2 cuda_noptx/D/primary [kc=4096] ...
      median=1.3742 ms  (100.0 TF/s)  compile=0.2s  gate=PASS  maxerr=0.134
[51/120] rep1 cuda_unlimited/C/primary [kc=2048] ...
      median=1.2084 ms  (113.7 TF/s)  compile=0.2s  gate=PASS  maxerr=0.08618
[52/120] rep0 cuda_noptx/D/primary [kc=1024] ...
      median=1.3798 ms  (99.6 TF/s)  compile=0.2s  gate=PASS  maxerr=0.06201
[53/120] rep2 cuda_unlimited/D/primary [kc=512] ...
      median=1.2703 ms  (108.2 TF/s)  compile=0.2s  gate=PASS  maxerr=0.05042
[54/120] rep2 cuda_noptx/D/primary [kc=2048] ...
      median=1.3906 ms  (98.8 TF/s)  compile=0.2s  gate=PASS  maxerr=0.08618
[55/120] rep0 tilelang/D/primary [kc=8192] ...
      median=1.0701 ms  (128.4 TF/s)  compile=4.5s  gate=FAIL  maxerr=0.2334
[56/120] rep1 triton/C/primary [kc=2048] ...
      median=1.5636 ms  (87.9 TF/s)  compile=0.4s  gate=PASS  maxerr=0.08618
[57/120] rep2 tilelang/C/primary [kc=8192] ...
      median=1.0404 ms  (132.1 TF/s)  compile=4.1s  gate=FAIL  maxerr=0.2334
[58/120] rep2 cuda_noptx/C/primary [kc=512] ...
      median=1.6579 ms  (82.9 TF/s)  compile=0.2s  gate=PASS  maxerr=0.05042
[59/120] rep2 cuda_noptx/C/primary [kc=8192] ...
      median=1.6292 ms  (84.4 TF/s)  compile=0.2s  gate=FAIL  maxerr=0.2334
[60/120] rep0 triton/C/primary [kc=8192] ...
      median=1.5693 ms  (87.6 TF/s)  compile=0.4s  gate=FAIL  maxerr=0.2334
[61/120] rep2 tilelang/D/primary [kc=512] ...
      median=1.0696 ms  (128.5 TF/s)  compile=4.6s  gate=PASS  maxerr=0.05042
[62/120] rep1 cuda_unlimited/C/primary [kc=1024] ...
      median=1.2339 ms  (111.4 TF/s)  compile=0.2s  gate=PASS  maxerr=0.06201
[63/120] rep0 cuda_unlimited/D/primary [kc=4096] ...
      median=1.1878 ms  (115.7 TF/s)  compile=35.7s  gate=PASS  maxerr=0.134
[64/120] rep2 cuda_unlimited/D/primary [kc=8192] ...
      median=1.1873 ms  (115.8 TF/s)  compile=0.2s  gate=FAIL  maxerr=0.2334
[65/120] rep1 cuda_noptx/C/primary [kc=4096] ...
      median=1.6159 ms  (85.1 TF/s)  compile=36.4s  gate=PASS  maxerr=0.134
[66/120] rep1 cuda_noptx/D/primary [kc=2048] ...
      median=1.3368 ms  (102.8 TF/s)  compile=0.2s  gate=PASS  maxerr=0.08618
[67/120] rep0 cuda_unlimited/C/primary [kc=8192] ...
      median=1.1950 ms  (115.0 TF/s)  compile=0.2s  gate=FAIL  maxerr=0.2334
[68/120] rep2 tilelang/D/primary [kc=8192] ...
      median=1.0395 ms  (132.2 TF/s)  compile=4.4s  gate=FAIL  maxerr=0.2334
[69/120] rep0 cuda_noptx/C/primary [kc=4096] ...
      median=1.6282 ms  (84.4 TF/s)  compile=0.2s  gate=PASS  maxerr=0.134
[70/120] rep1 tilelang/D/primary [kc=1024] ...
      median=1.0117 ms  (135.8 TF/s)  compile=4.6s  gate=PASS  maxerr=0.06201
[71/120] rep0 cuda_unlimited/C/primary [kc=2048] ...
      median=1.2053 ms  (114.0 TF/s)  compile=0.2s  gate=PASS  maxerr=0.08618
[72/120] rep2 tilelang/C/primary [kc=2048] ...
      median=1.0875 ms  (126.4 TF/s)  compile=4.0s  gate=PASS  maxerr=0.08618
[73/120] rep1 cuda_noptx/D/primary [kc=4096] ...
      median=1.3732 ms  (100.1 TF/s)  compile=0.2s  gate=PASS  maxerr=0.134
[74/120] rep0 tilelang/C/primary [kc=8192] ...
      median=1.0394 ms  (132.2 TF/s)  compile=4.1s  gate=FAIL  maxerr=0.2334
[75/120] rep1 cuda_noptx/C/primary [kc=2048] ...
      median=1.6437 ms  (83.6 TF/s)  compile=0.2s  gate=PASS  maxerr=0.08618
[76/120] rep2 triton/C/primary [kc=1024] ...
      median=1.5752 ms  (87.3 TF/s)  compile=0.4s  gate=PASS  maxerr=0.06201
[77/120] rep2 triton/D/primary [kc=8192] ...
      median=1.1448 ms  (120.1 TF/s)  compile=0.4s  gate=FAIL  maxerr=0.2334
[78/120] rep0 triton/C/primary [kc=1024] ...
      median=1.5775 ms  (87.1 TF/s)  compile=0.4s  gate=PASS  maxerr=0.06201
[79/120] rep2 cuda_noptx/D/primary [kc=512] ...
      median=1.3425 ms  (102.4 TF/s)  compile=36.3s  gate=PASS  maxerr=0.05042
[80/120] rep1 triton/C/primary [kc=4096] ...
      median=1.5575 ms  (88.2 TF/s)  compile=0.4s  gate=PASS  maxerr=0.134
[81/120] rep1 cuda_noptx/C/primary [kc=512] ...
      median=1.6351 ms  (84.1 TF/s)  compile=0.2s  gate=PASS  maxerr=0.05042
[82/120] rep1 cuda_unlimited/C/primary [kc=4096] ...
      median=1.1808 ms  (116.4 TF/s)  compile=0.2s  gate=PASS  maxerr=0.134
[83/120] rep1 triton/D/primary [kc=512] ...
      median=1.1131 ms  (123.5 TF/s)  compile=0.4s  gate=PASS  maxerr=0.05042
[84/120] rep1 triton/D/primary [kc=8192] ...
      median=1.1223 ms  (122.5 TF/s)  compile=0.4s  gate=FAIL  maxerr=0.2334
[85/120] rep1 cuda_unlimited/D/primary [kc=4096] ...
      median=1.2503 ms  (109.9 TF/s)  compile=0.2s  gate=PASS  maxerr=0.134
[86/120] rep0 cuda_noptx/D/primary [kc=8192] ...
      median=1.3742 ms  (100.0 TF/s)  compile=0.2s  gate=FAIL  maxerr=0.2334
[87/120] rep2 cuda_unlimited/D/primary [kc=2048] ...
      median=1.2534 ms  (109.7 TF/s)  compile=0.2s  gate=PASS  maxerr=0.08618
[88/120] rep2 cuda_unlimited/D/primary [kc=4096] ...
      median=1.2646 ms  (108.7 TF/s)  compile=0.2s  gate=PASS  maxerr=0.134
[89/120] rep0 triton/C/primary [kc=512] ...
      median=1.5913 ms  (86.4 TF/s)  compile=0.4s  gate=PASS  maxerr=0.05042
[90/120] rep2 tilelang/D/primary [kc=4096] ...
      median=1.0967 ms  (125.3 TF/s)  compile=4.5s  gate=PASS  maxerr=0.134
[91/120] rep1 tilelang/C/primary [kc=8192] ...
      median=1.0598 ms  (129.7 TF/s)  compile=4.1s  gate=FAIL  maxerr=0.2334
[92/120] rep0 cuda_noptx/D/primary [kc=512] ...
      median=1.4008 ms  (98.1 TF/s)  compile=0.2s  gate=PASS  maxerr=0.05042
[93/120] rep0 tilelang/D/primary [kc=1024] ...
      median=1.0516 ms  (130.7 TF/s)  compile=4.7s  gate=PASS  maxerr=0.06201
[94/120] rep1 triton/C/primary [kc=1024] ...
      median=1.5739 ms  (87.3 TF/s)  compile=0.4s  gate=PASS  maxerr=0.06201
[95/120] rep0 cuda_noptx/C/primary [kc=512] ...
      median=1.6486 ms  (83.4 TF/s)  compile=0.2s  gate=PASS  maxerr=0.05042
[96/120] rep2 cuda_unlimited/C/primary [kc=4096] ...
      median=1.2298 ms  (111.8 TF/s)  compile=0.2s  gate=PASS  maxerr=0.134
[97/120] rep0 tilelang/D/primary [kc=2048] ...
      median=1.0476 ms  (131.2 TF/s)  compile=4.9s  gate=PASS  maxerr=0.08618
[98/120] rep1 tilelang/D/primary [kc=4096] ...
      median=1.0742 ms  (127.9 TF/s)  compile=4.6s  gate=PASS  maxerr=0.134
[99/120] rep1 tilelang/C/primary [kc=4096] ...
      median=1.0793 ms  (127.3 TF/s)  compile=4.2s  gate=PASS  maxerr=0.134
[100/120] rep2 tilelang/C/primary [kc=4096] ...
      median=1.0803 ms  (127.2 TF/s)  compile=4.1s  gate=PASS  maxerr=0.134
[101/120] rep2 triton/C/primary [kc=8192] ...
      median=1.5657 ms  (87.8 TF/s)  compile=0.4s  gate=FAIL  maxerr=0.2334
[102/120] rep0 tilelang/C/primary [kc=2048] ...
      median=1.0958 ms  (125.4 TF/s)  compile=4.1s  gate=PASS  maxerr=0.08618
[103/120] rep0 cuda_unlimited/C/primary [kc=4096] ...
      median=1.2238 ms  (112.3 TF/s)  compile=0.2s  gate=PASS  maxerr=0.134
[104/120] rep1 triton/C/primary [kc=512] ...
      median=1.5811 ms  (86.9 TF/s)  compile=0.4s  gate=PASS  maxerr=0.05042
[105/120] rep1 cuda_unlimited/D/primary [kc=1024] ...
      median=1.2564 ms  (109.4 TF/s)  compile=0.2s  gate=PASS  maxerr=0.06201
[106/120] rep1 cuda_unlimited/C/primary [kc=8192] ...
      median=1.2226 ms  (112.4 TF/s)  compile=0.2s  gate=FAIL  maxerr=0.2334
[107/120] rep1 tilelang/C/primary [kc=512] ...
      median=1.0941 ms  (125.6 TF/s)  compile=4.2s  gate=PASS  maxerr=0.05042
[108/120] rep2 cuda_noptx/C/primary [kc=4096] ...
      median=1.6343 ms  (84.1 TF/s)  compile=0.2s  gate=PASS  maxerr=0.134
[109/120] rep1 triton/C/primary [kc=8192] ...
      median=1.5749 ms  (87.3 TF/s)  compile=0.4s  gate=FAIL  maxerr=0.2334
[110/120] rep0 tilelang/C/primary [kc=4096] ...
      median=1.0960 ms  (125.4 TF/s)  compile=4.1s  gate=PASS  maxerr=0.134
[111/120] rep2 cuda_noptx/C/primary [kc=2048] ...
      median=1.6323 ms  (84.2 TF/s)  compile=0.2s  gate=PASS  maxerr=0.08618
[112/120] rep0 cuda_noptx/D/primary [kc=2048] ...
      median=1.3747 ms  (100.0 TF/s)  compile=0.2s  gate=PASS  maxerr=0.08618
[113/120] rep2 triton/C/primary [kc=512] ...
      median=1.5984 ms  (86.0 TF/s)  compile=0.4s  gate=PASS  maxerr=0.05042
[114/120] rep1 cuda_noptx/D/primary [kc=512] ...
      median=1.4295 ms  (96.1 TF/s)  compile=0.2s  gate=PASS  maxerr=0.05042
[115/120] rep1 triton/D/primary [kc=2048] ...
      median=1.1715 ms  (117.3 TF/s)  compile=0.4s  gate=PASS  maxerr=0.08618
[116/120] rep0 tilelang/C/primary [kc=1024] ...
      median=1.0977 ms  (125.2 TF/s)  compile=4.3s  gate=PASS  maxerr=0.06201
[117/120] rep0 tilelang/D/primary [kc=512] ...
      median=1.0696 ms  (128.5 TF/s)  compile=4.3s  gate=PASS  maxerr=0.05042
[118/120] rep1 cuda_unlimited/D/primary [kc=2048] ...
      median=1.2539 ms  (109.6 TF/s)  compile=0.2s  gate=PASS  maxerr=0.08618
[119/120] rep2 triton/C/primary [kc=4096] ...
      median=1.5811 ms  (86.9 TF/s)  compile=0.3s  gate=PASS  maxerr=0.134
[120/120] rep0 cuda_unlimited/D/primary [kc=1024] ...
      median=1.2984 ms  (105.8 TF/s)  compile=0.2s  gate=PASS  maxerr=0.06201
[driver] done in 1032s -> /home/lxt230026/MultiKernelBench/ako_runs/phase1_matmul/results/kc_sweep/summary.json
==================================================================
== casting  (16 jobs x 5 reps)  19:44:39
==================================================================
[preflight] GPU 0 is idle, build locks clear -- ok to measure
[driver] tag=casting gpu=0 jobs=16 reps=5 -> 80 processes, order-seed=20260727, dist=rand
[1/80] rep4 cuda_unlimited/D/primary [cast=precast] ...
      median=1.2538 ms  (109.6 TF/s)  compile=0.2s  gate=PASS  maxerr=0.08618
[2/80] rep0 tilelang/D/primary [cast=precast] ...
      median=1.0598 ms  (129.7 TF/s)  compile=4.7s  gate=PASS  maxerr=0.08618
[3/80] rep0 cuda_noptx/D/primary [cast=on_load] ...
      median=2.6624 ms  (51.6 TF/s)  compile=0.2s  gate=PASS  maxerr=0.08618
[4/80] rep4 cuda_noptx/D/primary [cast=in_region] ...
      median=1.5912 ms  (86.4 TF/s)  compile=0.2s  gate=PASS  maxerr=0.08618
[5/80] rep4 triton/D/primary [cast=precast] ...
      median=1.1602 ms  (118.5 TF/s)  compile=0.3s  gate=PASS  maxerr=0.08618
[6/80] rep1 tilelang/D/incumbent [cast=precast,kc=2048,stages=2] ...
      median=0.9856 ms  (139.4 TF/s)  compile=4.1s  gate=PASS  maxerr=0.08618
[7/80] rep4 torch/B/primary [cast=in_region] ...
      median=1.3752 ms  (99.9 TF/s)  compile=0.1s  gate=FAIL  maxerr=1.821
[8/80] rep0 torch/B/primary [cast=in_region] ...
      median=1.3640 ms  (100.8 TF/s)  compile=0.2s  gate=FAIL  maxerr=1.821
[9/80] rep1 triton/D/primary [cast=on_load] ...
      median=2.1064 ms  (65.2 TF/s)  compile=0.3s  gate=PASS  maxerr=0.08618
[10/80] rep1 tilelang/D/incumbent [cast=in_region,kc=2048,stages=2] ...
      median=1.2344 ms  (111.3 TF/s)  compile=4.2s  gate=PASS  maxerr=0.08618
[11/80] rep0 cuda_unlimited/D/primary [cast=on_load] ...
      median=1.8601 ms  (73.9 TF/s)  compile=0.2s  gate=PASS  maxerr=0.08618
[12/80] rep2 tilelang/D/primary [cast=on_load] ...
      median=1.8135 ms  (75.8 TF/s)  compile=4.4s  gate=PASS  maxerr=0.08618
[13/80] rep0 cuda_unlimited/D/primary [cast=precast] ...
      median=1.2544 ms  (109.6 TF/s)  compile=0.2s  gate=PASS  maxerr=0.08618
[14/80] rep2 cuda_unlimited/D/primary [cast=on_load] ...
      median=1.8616 ms  (73.8 TF/s)  compile=0.2s  gate=PASS  maxerr=0.08618
[15/80] rep1 triton/D/primary [cast=in_region] ...
      median=1.3815 ms  (99.5 TF/s)  compile=0.4s  gate=PASS  maxerr=0.08618
[16/80] rep0 cuda_noptx/D/primary [cast=in_region] ...
      median=1.6148 ms  (85.1 TF/s)  compile=0.2s  gate=PASS  maxerr=0.08618
[17/80] rep2 cuda_unlimited/D/primary [cast=precast] ...
      median=1.2534 ms  (109.7 TF/s)  compile=0.2s  gate=PASS  maxerr=0.08618
[18/80] rep4 cuda_unlimited/D/primary [cast=in_region] ...
      median=1.4884 ms  (92.3 TF/s)  compile=0.2s  gate=PASS  maxerr=0.08618
[19/80] rep3 triton/D/primary [cast=precast] ...
      median=1.1827 ms  (116.2 TF/s)  compile=0.3s  gate=PASS  maxerr=0.08618
[20/80] rep1 cuda_noptx/D/primary [cast=in_region] ...
      median=1.6128 ms  (85.2 TF/s)  compile=0.2s  gate=PASS  maxerr=0.08618
[21/80] rep4 torch/B/primary [cast=precast] ...
      median=1.1694 ms  (117.5 TF/s)  compile=0.1s  gate=FAIL  maxerr=1.821
[22/80] rep3 tilelang/D/primary [cast=in_region] ...
      median=1.2703 ms  (108.2 TF/s)  compile=4.6s  gate=PASS  maxerr=0.08618
[23/80] rep4 cuda_noptx/D/primary [cast=precast] ...
      median=1.4060 ms  (97.8 TF/s)  compile=0.2s  gate=PASS  maxerr=0.08618
[24/80] rep3 tilelang/D/incumbent [cast=precast,kc=2048,stages=2] ...
      median=0.9912 ms  (138.7 TF/s)  compile=4.2s  gate=PASS  maxerr=0.08618
[25/80] rep0 tilelang/D/primary [cast=in_region] ...
      median=1.2662 ms  (108.5 TF/s)  compile=4.6s  gate=PASS  maxerr=0.08618
[26/80] rep2 torch/B/primary [cast=precast] ...
      median=1.1684 ms  (117.6 TF/s)  compile=0.1s  gate=FAIL  maxerr=1.821
[27/80] rep4 triton/D/primary [cast=in_region] ...
      median=1.3778 ms  (99.8 TF/s)  compile=0.4s  gate=PASS  maxerr=0.08618
[28/80] rep0 tilelang/D/incumbent [cast=in_region,kc=2048,stages=2] ...
      median=1.2145 ms  (113.2 TF/s)  compile=4.2s  gate=PASS  maxerr=0.08618
[29/80] rep2 triton/D/primary [cast=on_load] ...
      median=2.1361 ms  (64.3 TF/s)  compile=0.3s  gate=PASS  maxerr=0.08618
[30/80] rep3 triton/D/primary [cast=on_load] ...
      median=2.1668 ms  (63.4 TF/s)  compile=0.4s  gate=PASS  maxerr=0.08618
[31/80] rep2 tilelang/D/primary [cast=precast] ...
      median=1.0598 ms  (129.7 TF/s)  compile=4.7s  gate=PASS  maxerr=0.08618
[32/80] rep4 tilelang/D/primary [cast=on_load] ...
      median=1.7900 ms  (76.8 TF/s)  compile=4.4s  gate=PASS  maxerr=0.08618
[33/80] rep2 cuda_noptx/D/primary [cast=on_load] ...
      median=2.6757 ms  (51.4 TF/s)  compile=0.2s  gate=PASS  maxerr=0.08618
[34/80] rep3 cuda_unlimited/D/primary [cast=on_load] ...
      median=1.8473 ms  (74.4 TF/s)  compile=0.2s  gate=PASS  maxerr=0.08618
[35/80] rep2 tilelang/D/incumbent [cast=precast,kc=2048,stages=2] ...
      median=0.9830 ms  (139.8 TF/s)  compile=4.1s  gate=PASS  maxerr=0.08618
[36/80] rep4 tilelang/D/primary [cast=precast] ...
      median=1.0465 ms  (131.3 TF/s)  compile=4.7s  gate=PASS  maxerr=0.08618
[37/80] rep0 cuda_unlimited/D/primary [cast=in_region] ...
      median=1.4606 ms  (94.1 TF/s)  compile=0.2s  gate=PASS  maxerr=0.08618
[38/80] rep1 cuda_unlimited/D/primary [cast=on_load] ...
      median=1.8540 ms  (74.1 TF/s)  compile=0.2s  gate=PASS  maxerr=0.08618
[39/80] rep3 cuda_noptx/D/primary [cast=precast] ...
      median=1.3916 ms  (98.8 TF/s)  compile=0.2s  gate=PASS  maxerr=0.08618
[40/80] rep4 cuda_unlimited/D/primary [cast=on_load] ...
      median=1.8601 ms  (73.9 TF/s)  compile=0.2s  gate=PASS  maxerr=0.08618
[41/80] rep3 cuda_unlimited/D/primary [cast=precast] ...
      median=1.2667 ms  (108.5 TF/s)  compile=0.2s  gate=PASS  maxerr=0.08618
[42/80] rep1 triton/D/primary [cast=precast] ...
      median=1.1781 ms  (116.7 TF/s)  compile=0.3s  gate=PASS  maxerr=0.08618
[43/80] rep1 cuda_unlimited/D/primary [cast=in_region] ...
      median=1.4730 ms  (93.3 TF/s)  compile=0.2s  gate=PASS  maxerr=0.08618
[44/80] rep0 triton/D/primary [cast=in_region] ...
      median=1.3887 ms  (99.0 TF/s)  compile=0.4s  gate=PASS  maxerr=0.08618
[45/80] rep0 tilelang/D/incumbent [cast=precast,kc=2048,stages=2] ...
      median=0.9923 ms  (138.5 TF/s)  compile=4.2s  gate=PASS  maxerr=0.08618
[46/80] rep2 triton/D/primary [cast=in_region] ...
      median=1.3779 ms  (99.7 TF/s)  compile=0.4s  gate=PASS  maxerr=0.08618
[47/80] rep3 triton/D/primary [cast=in_region] ...
      median=1.3920 ms  (98.7 TF/s)  compile=0.4s  gate=PASS  maxerr=0.08618
[48/80] rep1 cuda_unlimited/D/primary [cast=precast] ...
      median=1.2800 ms  (107.4 TF/s)  compile=0.2s  gate=PASS  maxerr=0.08618
[49/80] rep4 triton/D/primary [cast=on_load] ...
      median=2.1668 ms  (63.4 TF/s)  compile=0.3s  gate=PASS  maxerr=0.08618
[50/80] rep0 torch/B/primary [cast=precast] ...
      median=1.1878 ms  (115.7 TF/s)  compile=0.1s  gate=FAIL  maxerr=1.821
[51/80] rep1 torch/B/primary [cast=in_region] ...
      median=1.3773 ms  (99.8 TF/s)  compile=0.1s  gate=FAIL  maxerr=1.821
[52/80] rep3 cuda_noptx/D/primary [cast=in_region] ...
      median=1.6123 ms  (85.2 TF/s)  compile=0.2s  gate=PASS  maxerr=0.08618
[53/80] rep2 tilelang/D/primary [cast=in_region] ...
      median=1.2851 ms  (106.9 TF/s)  compile=4.7s  gate=PASS  maxerr=0.08618
[54/80] rep3 torch/B/primary [cast=in_region] ...
      median=1.3783 ms  (99.7 TF/s)  compile=0.1s  gate=FAIL  maxerr=1.821
[55/80] rep3 tilelang/D/primary [cast=on_load] ...
      median=1.8094 ms  (76.0 TF/s)  compile=4.3s  gate=PASS  maxerr=0.08618
[56/80] rep3 cuda_unlimited/D/primary [cast=in_region] ...
      median=1.4771 ms  (93.0 TF/s)  compile=0.2s  gate=PASS  maxerr=0.08618
[57/80] rep2 tilelang/D/incumbent [cast=in_region,kc=2048,stages=2] ...
      median=1.2303 ms  (111.7 TF/s)  compile=4.2s  gate=PASS  maxerr=0.08618
[58/80] rep2 cuda_noptx/D/primary [cast=in_region] ...
      median=1.5821 ms  (86.9 TF/s)  compile=0.2s  gate=PASS  maxerr=0.08618
[59/80] rep4 tilelang/D/incumbent [cast=in_region,kc=2048,stages=2] ...
      median=1.2168 ms  (113.0 TF/s)  compile=4.1s  gate=PASS  maxerr=0.08618
[60/80] rep2 triton/D/primary [cast=precast] ...
      median=1.1600 ms  (118.5 TF/s)  compile=0.3s  gate=PASS  maxerr=0.08618
[61/80] rep0 cuda_noptx/D/primary [cast=precast] ...
      median=1.3916 ms  (98.8 TF/s)  compile=0.2s  gate=PASS  maxerr=0.08618
[62/80] rep2 torch/B/primary [cast=in_region] ...
      median=1.3635 ms  (100.8 TF/s)  compile=0.1s  gate=FAIL  maxerr=1.821
[63/80] rep4 tilelang/D/incumbent [cast=precast,kc=2048,stages=2] ...
      median=0.9810 ms  (140.1 TF/s)  compile=4.1s  gate=PASS  maxerr=0.08618
[64/80] rep0 triton/D/primary [cast=on_load] ...
      median=2.1361 ms  (64.3 TF/s)  compile=0.3s  gate=PASS  maxerr=0.08618
[65/80] rep0 tilelang/D/primary [cast=on_load] ...
      median=1.8002 ms  (76.3 TF/s)  compile=4.3s  gate=PASS  maxerr=0.08618
[66/80] rep1 tilelang/D/primary [cast=on_load] ...
      median=1.8012 ms  (76.3 TF/s)  compile=4.3s  gate=PASS  maxerr=0.08618
[67/80] rep4 cuda_noptx/D/primary [cast=on_load] ...
      median=2.6739 ms  (51.4 TF/s)  compile=0.2s  gate=PASS  maxerr=0.08618
[68/80] rep1 tilelang/D/primary [cast=in_region] ...
      median=1.2636 ms  (108.8 TF/s)  compile=4.7s  gate=PASS  maxerr=0.08618
[69/80] rep1 cuda_noptx/D/primary [cast=precast] ...
      median=1.3763 ms  (99.9 TF/s)  compile=0.2s  gate=PASS  maxerr=0.08618
[70/80] rep3 torch/B/primary [cast=precast] ...
      median=1.1674 ms  (117.7 TF/s)  compile=0.1s  gate=FAIL  maxerr=1.821
[71/80] rep1 tilelang/D/primary [cast=precast] ...
      median=1.0598 ms  (129.7 TF/s)  compile=4.6s  gate=PASS  maxerr=0.08618
[72/80] rep1 torch/B/primary [cast=precast] ...
      median=1.1684 ms  (117.6 TF/s)  compile=0.1s  gate=FAIL  maxerr=1.821
[73/80] rep3 cuda_noptx/D/primary [cast=on_load] ...
      median=2.6675 ms  (51.5 TF/s)  compile=0.2s  gate=PASS  maxerr=0.08618
[74/80] rep4 tilelang/D/primary [cast=in_region] ...
      median=1.2682 ms  (108.4 TF/s)  compile=4.6s  gate=PASS  maxerr=0.08618
[75/80] rep3 tilelang/D/incumbent [cast=in_region,kc=2048,stages=2] ...
      median=1.2196 ms  (112.7 TF/s)  compile=4.2s  gate=PASS  maxerr=0.08618
[76/80] rep2 cuda_noptx/D/primary [cast=precast] ...
      median=1.3916 ms  (98.8 TF/s)  compile=0.2s  gate=PASS  maxerr=0.08618
[77/80] rep2 cuda_unlimited/D/primary [cast=in_region] ...
      median=1.4684 ms  (93.6 TF/s)  compile=0.2s  gate=PASS  maxerr=0.08618
[78/80] rep3 tilelang/D/primary [cast=precast] ...
      median=1.0598 ms  (129.7 TF/s)  compile=4.6s  gate=PASS  maxerr=0.08618
[79/80] rep0 triton/D/primary [cast=precast] ...
      median=1.1715 ms  (117.3 TF/s)  compile=0.3s  gate=PASS  maxerr=0.08618
[80/80] rep1 cuda_noptx/D/primary [cast=on_load] ...
      median=2.6783 ms  (51.3 TF/s)  compile=0.2s  gate=PASS  maxerr=0.08618
[driver] done in 459s -> /home/lxt230026/MultiKernelBench/ako_runs/phase1_matmul/results/casting/summary.json
==================================================================
== pipeline  (16 jobs x 5 reps)  19:52:19
==================================================================
[preflight] GPU 0 is idle, build locks clear -- ok to measure
[driver] tag=pipeline gpu=0 jobs=16 reps=5 -> 80 processes, order-seed=20260727, dist=rand
[1/80] rep4 cuda_noptx/D/primary [stages=2] ...
      median=1.3292 ms  (103.4 TF/s)  compile=33.5s  gate=PASS  maxerr=0.08618
[2/80] rep0 tilelang/D/primary [stages=1] ...
      median=1.0691 ms  (128.6 TF/s)  compile=3.9s  gate=PASS  maxerr=0.08618
[3/80] rep0 cuda_noptx/D/primary [stages=1] ...
      median=1.6108 ms  (85.3 TF/s)  compile=33.4s  gate=PASS  maxerr=0.08618
[4/80] rep4 triton/D/primary [stages=4] ...
      median=1.1438 ms  (120.2 TF/s)  compile=0.5s  gate=PASS  maxerr=0.08618
[5/80] rep4 tilelang/D/primary [stages=4] ...
      median=1.0117 ms  (135.8 TF/s)  compile=5.1s  gate=PASS  maxerr=0.08618
[6/80] rep1 cuda_unlimited/D/primary [stages=1] ...
      median=1.1858 ms  (115.9 TF/s)  compile=0.2s  gate=PASS  maxerr=0.08618
[7/80] rep4 cuda_unlimited/D/primary [stages=4] ...
      median=1.1848 ms  (116.0 TF/s)  compile=33.2s  gate=PASS  maxerr=0.08618
[8/80] rep0 cuda_unlimited/D/primary [stages=4] ...
      median=1.1981 ms  (114.7 TF/s)  compile=0.2s  gate=PASS  maxerr=0.08618
[9/80] rep1 triton/D/primary [stages=2] ...
      median=1.0379 ms  (132.4 TF/s)  compile=0.5s  gate=PASS  maxerr=0.08618
[10/80] rep1 cuda_unlimited/D/primary [stages=2] ...
      median=1.2165 ms  (113.0 TF/s)  compile=33.1s  gate=PASS  maxerr=0.08618
[11/80] rep0 cuda_noptx/D/primary [stages=4] ...
      median=1.2923 ms  (106.4 TF/s)  compile=33.4s  gate=PASS  maxerr=0.08618
[12/80] rep2 tilelang/D/primary [stages=3] ...
      median=0.9979 ms  (137.7 TF/s)  compile=4.6s  gate=PASS  maxerr=0.08618
[13/80] rep0 cuda_noptx/D/primary [stages=2] ...
      median=1.3230 ms  (103.9 TF/s)  compile=0.2s  gate=PASS  maxerr=0.08618
[14/80] rep2 cuda_noptx/D/primary [stages=4] ...
      median=1.3061 ms  (105.2 TF/s)  compile=0.2s  gate=PASS  maxerr=0.08618
[15/80] rep1 triton/D/primary [stages=1] ...
      median=1.5555 ms  (88.4 TF/s)  compile=0.3s  gate=PASS  maxerr=0.08618
[16/80] rep0 triton/D/primary [stages=4] ...
      median=1.1658 ms  (117.9 TF/s)  compile=0.4s  gate=PASS  maxerr=0.08618
[17/80] rep2 cuda_noptx/D/primary [stages=2] ...
      median=1.3629 ms  (100.8 TF/s)  compile=0.2s  gate=PASS  maxerr=0.08618
[18/80] rep4 cuda_noptx/D/primary [stages=3] ...
      median=1.3619 ms  (100.9 TF/s)  compile=0.2s  gate=PASS  maxerr=0.08618
[19/80] rep3 tilelang/D/primary [stages=4] ...
      median=1.0506 ms  (130.8 TF/s)  compile=5.0s  gate=PASS  maxerr=0.08618
[20/80] rep1 triton/D/primary [stages=4] ...
      median=1.1899 ms  (115.5 TF/s)  compile=0.3s  gate=PASS  maxerr=0.08618
[21/80] rep4 cuda_unlimited/D/primary [stages=3] ...
      median=1.2534 ms  (109.7 TF/s)  compile=0.2s  gate=PASS  maxerr=0.08618
[22/80] rep3 tilelang/D/primary [stages=2] ...
      median=1.0399 ms  (132.2 TF/s)  compile=4.4s  gate=PASS  maxerr=0.08618
[23/80] rep4 triton/D/primary [stages=3] ...
      median=1.1592 ms  (118.6 TF/s)  compile=0.3s  gate=PASS  maxerr=0.08618
[24/80] rep3 cuda_unlimited/D/primary [stages=1] ...
      median=1.2277 ms  (111.9 TF/s)  compile=0.2s  gate=PASS  maxerr=0.08618
[25/80] rep0 tilelang/D/primary [stages=2] ...
      median=1.0516 ms  (130.7 TF/s)  compile=4.4s  gate=PASS  maxerr=0.08618
[26/80] rep2 cuda_unlimited/D/primary [stages=3] ...
      median=1.2524 ms  (109.7 TF/s)  compile=0.2s  gate=PASS  maxerr=0.08618
[27/80] rep4 triton/D/primary [stages=1] ...
      median=1.5710 ms  (87.5 TF/s)  compile=0.3s  gate=PASS  maxerr=0.08618
[28/80] rep0 cuda_unlimited/D/primary [stages=2] ...
      median=1.2851 ms  (106.9 TF/s)  compile=0.2s  gate=PASS  maxerr=0.08618
[29/80] rep2 triton/D/primary [stages=2] ...
      median=1.0639 ms  (129.2 TF/s)  compile=0.3s  gate=PASS  maxerr=0.08618
[30/80] rep3 triton/D/primary [stages=2] ...
      median=1.0824 ms  (127.0 TF/s)  compile=0.3s  gate=PASS  maxerr=0.08618
[31/80] rep2 tilelang/D/primary [stages=1] ...
      median=1.0947 ms  (125.6 TF/s)  compile=3.8s  gate=PASS  maxerr=0.08618
[32/80] rep4 tilelang/D/primary [stages=3] ...
      median=1.0598 ms  (129.7 TF/s)  compile=4.6s  gate=PASS  maxerr=0.08618
[33/80] rep2 cuda_noptx/D/primary [stages=1] ...
      median=1.6425 ms  (83.7 TF/s)  compile=0.2s  gate=PASS  maxerr=0.08618
[34/80] rep3 cuda_noptx/D/primary [stages=4] ...
      median=1.3638 ms  (100.8 TF/s)  compile=0.2s  gate=PASS  maxerr=0.08618
[35/80] rep2 cuda_unlimited/D/primary [stages=1] ...
      median=1.2165 ms  (113.0 TF/s)  compile=0.2s  gate=PASS  maxerr=0.08618
[36/80] rep4 tilelang/D/primary [stages=1] ...
      median=1.0967 ms  (125.3 TF/s)  compile=3.8s  gate=PASS  maxerr=0.08618
[37/80] rep0 cuda_noptx/D/primary [stages=3] ...
      median=1.3752 ms  (99.9 TF/s)  compile=0.2s  gate=PASS  maxerr=0.08618
[38/80] rep1 cuda_noptx/D/primary [stages=4] ...
      median=1.3773 ms  (99.8 TF/s)  compile=0.2s  gate=PASS  maxerr=0.08618
[39/80] rep3 triton/D/primary [stages=3] ...
      median=1.1592 ms  (118.6 TF/s)  compile=0.3s  gate=PASS  maxerr=0.08618
[40/80] rep4 cuda_noptx/D/primary [stages=4] ...
      median=1.3629 ms  (100.8 TF/s)  compile=0.2s  gate=PASS  maxerr=0.08618
[41/80] rep3 cuda_noptx/D/primary [stages=2] ...
      median=1.3906 ms  (98.8 TF/s)  compile=0.2s  gate=PASS  maxerr=0.08618
[42/80] rep1 tilelang/D/primary [stages=4] ...
      median=1.0639 ms  (129.2 TF/s)  compile=4.9s  gate=PASS  maxerr=0.08618
[43/80] rep1 cuda_noptx/D/primary [stages=3] ...
      median=1.3763 ms  (99.9 TF/s)  compile=0.2s  gate=PASS  maxerr=0.08618
[44/80] rep0 triton/D/primary [stages=1] ...
      median=1.5674 ms  (87.7 TF/s)  compile=0.3s  gate=PASS  maxerr=0.08618
[45/80] rep0 cuda_unlimited/D/primary [stages=1] ...
      median=1.2273 ms  (112.0 TF/s)  compile=0.2s  gate=PASS  maxerr=0.08618
[46/80] rep2 triton/D/primary [stages=1] ...
      median=1.5753 ms  (87.2 TF/s)  compile=0.3s  gate=PASS  maxerr=0.08618
[47/80] rep3 triton/D/primary [stages=1] ...
      median=1.5872 ms  (86.6 TF/s)  compile=0.3s  gate=PASS  maxerr=0.08618
[48/80] rep1 cuda_noptx/D/primary [stages=2] ...
      median=1.3988 ms  (98.3 TF/s)  compile=0.2s  gate=PASS  maxerr=0.08618
[49/80] rep4 triton/D/primary [stages=2] ...
      median=1.0956 ms  (125.4 TF/s)  compile=0.3s  gate=PASS  maxerr=0.08618
[50/80] rep0 cuda_unlimited/D/primary [stages=3] ...
      median=1.2652 ms  (108.6 TF/s)  compile=0.2s  gate=PASS  maxerr=0.08618
[51/80] rep1 cuda_unlimited/D/primary [stages=4] ...
      median=1.2800 ms  (107.4 TF/s)  compile=0.2s  gate=PASS  maxerr=0.08618
[52/80] rep3 triton/D/primary [stages=4] ...
      median=1.2032 ms  (114.2 TF/s)  compile=0.3s  gate=PASS  maxerr=0.08618
[53/80] rep2 tilelang/D/primary [stages=2] ...
      median=1.0660 ms  (128.9 TF/s)  compile=4.4s  gate=PASS  maxerr=0.08618
[54/80] rep3 cuda_unlimited/D/primary [stages=4] ...
      median=1.2657 ms  (108.6 TF/s)  compile=0.2s  gate=PASS  maxerr=0.08618
[55/80] rep3 tilelang/D/primary [stages=3] ...
      median=1.0598 ms  (129.7 TF/s)  compile=4.6s  gate=PASS  maxerr=0.08618
[56/80] rep3 cuda_noptx/D/primary [stages=3] ...
      median=1.4060 ms  (97.8 TF/s)  compile=0.2s  gate=PASS  maxerr=0.08618
[57/80] rep2 cuda_unlimited/D/primary [stages=2] ...
      median=1.2861 ms  (106.9 TF/s)  compile=0.2s  gate=PASS  maxerr=0.08618
[58/80] rep2 triton/D/primary [stages=4] ...
      median=1.2032 ms  (114.2 TF/s)  compile=0.4s  gate=PASS  maxerr=0.08618
[59/80] rep4 cuda_unlimited/D/primary [stages=2] ...
      median=1.2933 ms  (106.3 TF/s)  compile=0.2s  gate=PASS  maxerr=0.08618
[60/80] rep2 tilelang/D/primary [stages=4] ...
      median=1.0516 ms  (130.7 TF/s)  compile=5.0s  gate=PASS  maxerr=0.08618
[61/80] rep0 triton/D/primary [stages=3] ...
      median=1.1704 ms  (117.4 TF/s)  compile=0.3s  gate=PASS  maxerr=0.08618
[62/80] rep2 cuda_unlimited/D/primary [stages=4] ...
      median=1.2513 ms  (109.8 TF/s)  compile=0.2s  gate=PASS  maxerr=0.08618
[63/80] rep4 cuda_unlimited/D/primary [stages=1] ...
      median=1.2308 ms  (111.7 TF/s)  compile=0.2s  gate=PASS  maxerr=0.08618
[64/80] rep0 triton/D/primary [stages=2] ...
      median=1.0829 ms  (126.9 TF/s)  compile=0.3s  gate=PASS  maxerr=0.08618
[65/80] rep0 tilelang/D/primary [stages=3] ...
      median=1.0598 ms  (129.7 TF/s)  compile=4.6s  gate=PASS  maxerr=0.08618
[66/80] rep1 tilelang/D/primary [stages=3] ...
      median=1.0598 ms  (129.7 TF/s)  compile=4.7s  gate=PASS  maxerr=0.08618
[67/80] rep4 cuda_noptx/D/primary [stages=1] ...
      median=1.6282 ms  (84.4 TF/s)  compile=0.2s  gate=PASS  maxerr=0.08618
[68/80] rep1 tilelang/D/primary [stages=2] ...
      median=1.0527 ms  (130.6 TF/s)  compile=4.3s  gate=PASS  maxerr=0.08618
[69/80] rep1 triton/D/primary [stages=3] ...
      median=1.1602 ms  (118.5 TF/s)  compile=0.3s  gate=PASS  maxerr=0.08618
[70/80] rep3 cuda_unlimited/D/primary [stages=3] ...
      median=1.2524 ms  (109.7 TF/s)  compile=0.2s  gate=PASS  maxerr=0.08618
[71/80] rep1 tilelang/D/primary [stages=1] ...
      median=1.1023 ms  (124.7 TF/s)  compile=3.8s  gate=PASS  maxerr=0.08618
[72/80] rep1 cuda_unlimited/D/primary [stages=3] ...
      median=1.2667 ms  (108.5 TF/s)  compile=0.2s  gate=PASS  maxerr=0.08618
[73/80] rep3 cuda_noptx/D/primary [stages=1] ...
      median=1.6384 ms  (83.9 TF/s)  compile=0.2s  gate=PASS  maxerr=0.08618
[74/80] rep4 tilelang/D/primary [stages=2] ...
      median=1.0516 ms  (130.7 TF/s)  compile=4.3s  gate=PASS  maxerr=0.08618
[75/80] rep3 cuda_unlimited/D/primary [stages=2] ...
      median=1.2923 ms  (106.4 TF/s)  compile=0.2s  gate=PASS  maxerr=0.08618
[76/80] rep2 triton/D/primary [stages=3] ...
      median=1.1725 ms  (117.2 TF/s)  compile=0.3s  gate=PASS  maxerr=0.08618
[77/80] rep2 cuda_noptx/D/primary [stages=3] ...
      median=1.3906 ms  (98.8 TF/s)  compile=0.2s  gate=PASS  maxerr=0.08618
[78/80] rep3 tilelang/D/primary [stages=1] ...
      median=1.1064 ms  (124.2 TF/s)  compile=3.8s  gate=PASS  maxerr=0.08618
[79/80] rep0 tilelang/D/primary [stages=4] ...
      median=1.0706 ms  (128.4 TF/s)  compile=5.0s  gate=PASS  maxerr=0.08618
[80/80] rep1 cuda_noptx/D/primary [stages=1] ...
      median=1.6364 ms  (84.0 TF/s)  compile=0.2s  gate=PASS  maxerr=0.08618
[driver] done in 606s -> /home/lxt230026/MultiKernelBench/ako_runs/phase1_matmul/results/pipeline/summary.json
==================================================================
== abstraction  (7 jobs x 5 reps)  20:02:26
==================================================================
[preflight] GPU 0 is idle, build locks clear -- ok to measure
[driver] tag=abstraction gpu=0 jobs=7 reps=5 -> 35 processes, order-seed=20260727, dist=rand
[1/35] rep3 tilelang_abs/M1/primary ...
      median=1.1602 ms  (118.5 TF/s)  compile=3.4s  gate=PASS  maxerr=0.08618
[2/35] rep0 tilelang_abs/H1/primary [stages=2] ...
      FAILED: AssertionError: H1: stages drifted 2 != 3
[3/35] rep0 tilelang_abs/M2/primary [stages=3] ...
      FAILED: AssertionError: M2: stages drifted 3 != 2
[4/35] rep0 tilelang_abs/M2/primary ...
      median=1.0691 ms  (128.6 TF/s)  compile=4.0s  gate=PASS  maxerr=0.08618
[5/35] rep1 tilelang_abs/M2/primary ...
      median=1.0824 ms  (127.0 TF/s)  compile=4.0s  gate=PASS  maxerr=0.08618
[6/35] rep2 tilelang_abs/M1/primary ...
      median=1.1648 ms  (118.0 TF/s)  compile=3.5s  gate=PASS  maxerr=0.08618
[7/35] rep4 tilelang_abs/M1/primary ...
      median=1.1540 ms  (119.1 TF/s)  compile=3.5s  gate=PASS  maxerr=0.08618
[8/35] rep4 tilelang_abs/M2/primary [stages=3] ...
      FAILED: AssertionError: M2: stages drifted 3 != 2
[9/35] rep3 tilelang_abs/H1/primary ...
      median=1.0465 ms  (131.3 TF/s)  compile=4.6s  gate=PASS  maxerr=0.08618
[10/35] rep3 tilelang_abs/M2/primary [stages=3] ...
      FAILED: AssertionError: M2: stages drifted 3 != 2
[11/35] rep4 tilelang_abs/H2/primary ...
      median=1.0777 ms  (127.5 TF/s)  compile=3.8s  gate=PASS  maxerr=0.08618
[12/35] rep4 tilelang_abs/S1/primary ...
      median=6.5900 ms  (20.9 TF/s)  compile=6.1s  gate=PASS  maxerr=0.005493
[13/35] rep4 tilelang_abs/H1/primary ...
      median=1.0465 ms  (131.3 TF/s)  compile=4.6s  gate=PASS  maxerr=0.08618
[14/35] rep1 tilelang_abs/S1/primary ...
      median=6.5874 ms  (20.9 TF/s)  compile=6.1s  gate=PASS  maxerr=0.005493
[15/35] rep3 tilelang_abs/S1/primary ...
      median=6.5382 ms  (21.0 TF/s)  compile=6.1s  gate=PASS  maxerr=0.005493
[16/35] rep0 tilelang_abs/H2/primary ...
      median=1.0742 ms  (127.9 TF/s)  compile=4.1s  gate=PASS  maxerr=0.08618
[17/35] rep1 tilelang_abs/H2/primary ...
      median=1.0819 ms  (127.0 TF/s)  compile=4.2s  gate=PASS  maxerr=0.08618
[18/35] rep3 tilelang_abs/M2/primary ...
      median=1.0793 ms  (127.3 TF/s)  compile=4.3s  gate=PASS  maxerr=0.08618
[19/35] rep2 tilelang_abs/S1/primary ...
      median=6.5428 ms  (21.0 TF/s)  compile=6.7s  gate=PASS  maxerr=0.005493
[20/35] rep1 tilelang_abs/M1/primary ...
      median=1.1540 ms  (119.1 TF/s)  compile=3.8s  gate=PASS  maxerr=0.08618
[21/35] rep2 tilelang_abs/H1/primary [stages=2] ...
      FAILED: AssertionError: H1: stages drifted 2 != 3
[22/35] rep3 tilelang_abs/H1/primary [stages=2] ...
      FAILED: AssertionError: H1: stages drifted 2 != 3
[23/35] rep1 tilelang_abs/H1/primary [stages=2] ...
      FAILED: AssertionError: H1: stages drifted 2 != 3
[24/35] rep0 tilelang_abs/H1/primary ...
      median=1.0342 ms  (132.9 TF/s)  compile=5.0s  gate=PASS  maxerr=0.08618
[25/35] rep2 tilelang_abs/M2/primary [stages=3] ...
      FAILED: AssertionError: M2: stages drifted 3 != 2
[26/35] rep0 tilelang_abs/M1/primary ...
      median=1.1540 ms  (119.1 TF/s)  compile=3.8s  gate=PASS  maxerr=0.08618
[27/35] rep2 tilelang_abs/H1/primary ...
      median=1.0220 ms  (134.5 TF/s)  compile=5.0s  gate=PASS  maxerr=0.08618
[28/35] rep2 tilelang_abs/M2/primary ...
      median=1.0711 ms  (128.3 TF/s)  compile=4.4s  gate=PASS  maxerr=0.08618
[29/35] rep4 tilelang_abs/H1/primary [stages=2] ...
      FAILED: AssertionError: H1: stages drifted 2 != 3
[30/35] rep3 tilelang_abs/H2/primary ...
      median=1.0803 ms  (127.2 TF/s)  compile=4.1s  gate=PASS  maxerr=0.08618
[31/35] rep4 tilelang_abs/M2/primary ...
      median=1.0711 ms  (128.3 TF/s)  compile=4.3s  gate=PASS  maxerr=0.08618
[32/35] rep1 tilelang_abs/M2/primary [stages=3] ...
      FAILED: AssertionError: M2: stages drifted 3 != 2
[33/35] rep1 tilelang_abs/H1/primary ...
      median=1.0353 ms  (132.8 TF/s)  compile=5.0s  gate=PASS  maxerr=0.08618
[34/35] rep2 tilelang_abs/H2/primary ...
      median=1.0772 ms  (127.6 TF/s)  compile=4.1s  gate=PASS  maxerr=0.08618
[35/35] rep0 tilelang_abs/S1/primary ...
      median=6.5357 ms  (21.0 TF/s)  compile=6.6s  gate=PASS  maxerr=0.005493
[driver] done in 248s -> /home/lxt230026/MultiKernelBench/ako_runs/phase1_matmul/results/abstraction/summary.json
==================================================================
== native_tuned  (76 jobs x 2 reps)  20:06:35
==================================================================
[preflight] GPU 0 is idle, build locks clear -- ok to measure
[driver] tag=native_tuned gpu=0 jobs=76 reps=2 -> 152 processes, order-seed=20260727, dist=rand
[1/152] rep1 cuda_unlimited/D/primary [BM=128,BN=128,BK=32,stages=3,kc=2048] ...
      median=1.2278 ms  (111.9 TF/s)  compile=0.2s  gate=PASS  maxerr=0.08618
[2/152] rep0 cuda_unlimited/D/primary [BM=128,BN=64,BK=64,stages=2,kc=2048] ...
      median=1.5447 ms  (89.0 TF/s)  compile=35.8s  gate=PASS  maxerr=0.08618
[3/152] rep1 cuda_noptx/D/primary [BM=128,BN=128,BK=32,stages=4,kc=2048] ...
      median=1.3082 ms  (105.1 TF/s)  compile=0.2s  gate=PASS  maxerr=0.08618
[4/152] rep1 cuda_unlimited/D/primary [BM=128,BN=256,BK=32,stages=4,kc=2048] ...
      median=1.0383 ms  (132.4 TF/s)  compile=35.9s  gate=PASS  maxerr=0.08618
[5/152] rep0 cuda_noptx/D/primary [BM=128,BN=128,BK=64,stages=3,kc=2048] ...
      median=1.4745 ms  (93.2 TF/s)  compile=36.2s  gate=PASS  maxerr=0.08618
[6/152] rep0 tilelang/D/primary [BM=128,BN=128,BK=32,stages=4,kc=2048] ...
      median=0.9892 ms  (138.9 TF/s)  compile=5.3s  gate=PASS  maxerr=0.08618
[7/152] rep1 tilelang/D/primary [BM=256,BN=128,BK=64,stages=2,kc=2048] ...
      median=0.9329 ms  (147.3 TF/s)  compile=4.5s  gate=PASS  maxerr=0.08618
[8/152] rep0 cuda_unlimited/D/primary [BM=128,BN=64,BK=64,stages=4,kc=2048] ...
      median=2.1862 ms  (62.9 TF/s)  compile=35.3s  gate=PASS  maxerr=0.08618
[9/152] rep1 triton/D/primary [BM=128,BN=64,BK=64,stages=2,kc=2048] ...
      median=1.2027 ms  (114.3 TF/s)  compile=0.5s  gate=PASS  maxerr=0.08618
[10/152] rep0 cuda_unlimited/D/primary [BM=256,BN=128,BK=32,stages=4,kc=2048] ...
      median=1.0977 ms  (125.2 TF/s)  compile=35.6s  gate=PASS  maxerr=0.08618
[11/152] rep1 tilelang/D/primary [BM=128,BN=128,BK=64,stages=3,kc=2048] ...
      median=0.9554 ms  (143.9 TF/s)  compile=4.8s  gate=PASS  maxerr=0.08618
[12/152] rep1 cuda_unlimited/D/primary [BM=128,BN=128,BK=32,stages=2,kc=2048] ...
      median=1.2456 ms  (110.3 TF/s)  compile=0.2s  gate=PASS  maxerr=0.08618
[13/152] rep1 cuda_unlimited/D/primary [BM=128,BN=256,BK=32,stages=3,kc=2048] ...
      median=1.1505 ms  (119.5 TF/s)  compile=0.2s  gate=PASS  maxerr=0.08618
[14/152] rep1 cuda_unlimited/D/primary [BM=256,BN=128,BK=32,stages=2,kc=2048] ...
      median=1.1592 ms  (118.6 TF/s)  compile=33.8s  gate=PASS  maxerr=0.08618
[15/152] rep0 triton/D/primary [BM=128,BN=256,BK=32,stages=2,kc=2048] ...
      median=1.0291 ms  (133.5 TF/s)  compile=0.7s  gate=PASS  maxerr=0.08618
[16/152] rep1 cuda_noptx/D/primary [BM=128,BN=256,BK=32,stages=4,kc=2048] ...
      median=1.4828 ms  (92.7 TF/s)  compile=33.5s  gate=PASS  maxerr=0.08618
[17/152] rep1 cuda_unlimited/D/primary [BM=128,BN=128,BK=64,stages=3,kc=2048] ...
      median=1.3947 ms  (98.5 TF/s)  compile=33.1s  gate=PASS  maxerr=0.08618
[18/152] rep0 cuda_noptx/D/primary [BM=128,BN=64,BK=64,stages=2,kc=2048] ...
      median=1.5722 ms  (87.4 TF/s)  compile=33.4s  gate=PASS  maxerr=0.08618
[19/152] rep0 triton/D/primary [BM=64,BN=128,BK=64,stages=4,kc=2048] ...
      FAILED: RuntimeError: triton could not compile variant D at BM=64 BN=128 BK=64 stages=4 arith=fp16 cast=precast: out of resource: shared memory, Required: 106496, Hardware limit: 101376. Reducing block sizes 
[20/152] rep0 cuda_noptx/D/primary [BM=64,BN=128,BK=64,stages=4,kc=2048] ...
      median=1.9840 ms  (69.3 TF/s)  compile=33.5s  gate=PASS  maxerr=0.08618
[21/152] rep1 triton/D/primary [BM=64,BN=128,BK=64,stages=2,kc=2048] ...
      median=1.1940 ms  (115.1 TF/s)  compile=0.5s  gate=PASS  maxerr=0.08618
[22/152] rep0 cuda_unlimited/D/primary [BM=128,BN=128,BK=32,stages=2,kc=2048] ...
      median=1.2319 ms  (111.6 TF/s)  compile=0.2s  gate=PASS  maxerr=0.08618
[23/152] rep1 triton/D/primary [BM=256,BN=128,BK=32,stages=2,kc=2048] ...
      median=1.0609 ms  (129.6 TF/s)  compile=0.8s  gate=PASS  maxerr=0.08618
[24/152] rep1 tilelang/D/primary [BM=128,BN=128,BK=64,stages=2,kc=2048] ...
      median=0.9759 ms  (140.8 TF/s)  compile=4.5s  gate=PASS  maxerr=0.08618
[25/152] rep1 cuda_noptx/D/primary [BM=128,BN=256,BK=32,stages=2,kc=2048] ...
      median=1.2119 ms  (113.4 TF/s)  compile=33.5s  gate=PASS  maxerr=0.08618
[26/152] rep0 triton/D/primary [BM=128,BN=64,BK=64,stages=2,kc=2048] ...
      median=1.2037 ms  (114.2 TF/s)  compile=0.3s  gate=PASS  maxerr=0.08618
[27/152] rep1 tilelang/D/primary [BM=128,BN=128,BK=32,stages=4,kc=2048] ...
      median=1.0117 ms  (135.8 TF/s)  compile=5.0s  gate=PASS  maxerr=0.08618
[28/152] rep0 cuda_noptx/D/primary [BM=128,BN=128,BK=32,stages=3,kc=2048] ...
      median=1.3199 ms  (104.1 TF/s)  compile=0.2s  gate=PASS  maxerr=0.08618
[29/152] rep0 tilelang/D/primary [BM=64,BN=128,BK=64,stages=3,kc=2048] ...
      median=1.1899 ms  (115.5 TF/s)  compile=4.4s  gate=PASS  maxerr=0.08618
[30/152] rep1 triton/D/primary [BM=128,BN=256,BK=32,stages=2,kc=2048] ...
      median=1.0568 ms  (130.1 TF/s)  compile=0.3s  gate=PASS  maxerr=0.08618
[31/152] rep0 tilelang/D/primary [BM=256,BN=128,BK=64,stages=2,kc=2048] ...
      median=0.9841 ms  (139.7 TF/s)  compile=4.2s  gate=PASS  maxerr=0.08618
[32/152] rep1 triton/D/primary [BM=128,BN=256,BK=64,stages=2,kc=2048] ...
      median=1.1592 ms  (118.6 TF/s)  compile=0.9s  gate=PASS  maxerr=0.08618
[33/152] rep0 tilelang/D/primary [BM=128,BN=128,BK=32,stages=2,kc=2048] ...
      median=1.0158 ms  (135.3 TF/s)  compile=4.4s  gate=PASS  maxerr=0.08618
[34/152] rep0 triton/D/primary [BM=128,BN=64,BK=64,stages=3,kc=2048] ...
      median=1.2390 ms  (110.9 TF/s)  compile=0.8s  gate=PASS  maxerr=0.08618
[35/152] rep1 cuda_noptx/D/primary [BM=128,BN=128,BK=32,stages=3,kc=2048] ...
      median=1.3609 ms  (101.0 TF/s)  compile=0.2s  gate=PASS  maxerr=0.08618
[36/152] rep1 cuda_noptx/D/primary [BM=64,BN=128,BK=64,stages=3,kc=2048] ...
      median=1.5688 ms  (87.6 TF/s)  compile=33.4s  gate=PASS  maxerr=0.08618
[37/152] rep0 cuda_unlimited/D/primary [BM=128,BN=128,BK=32,stages=3,kc=2048] ...
      median=1.2012 ms  (114.4 TF/s)  compile=0.2s  gate=PASS  maxerr=0.08618
[38/152] rep0 tilelang/D/primary [BM=64,BN=128,BK=64,stages=2,kc=2048] ...
      median=1.1622 ms  (118.3 TF/s)  compile=4.1s  gate=PASS  maxerr=0.08618
[39/152] rep0 triton/D/primary [BM=128,BN=128,BK=32,stages=2,kc=2048] ...
      median=1.0547 ms  (130.3 TF/s)  compile=0.3s  gate=PASS  maxerr=0.08618
[40/152] rep0 triton/D/primary [BM=256,BN=128,BK=32,stages=2,kc=2048] ...
      median=1.0762 ms  (127.7 TF/s)  compile=0.3s  gate=PASS  maxerr=0.08618
[41/152] rep0 cuda_unlimited/D/primary [BM=256,BN=128,BK=64,stages=2,kc=2048] ...
      median=1.3208 ms  (104.1 TF/s)  compile=33.2s  gate=PASS  maxerr=0.08618
[42/152] rep0 tilelang/D/primary [BM=128,BN=64,BK=64,stages=2,kc=2048] ...
      median=1.1889 ms  (115.6 TF/s)  compile=4.1s  gate=PASS  maxerr=0.08618
[43/152] rep0 tilelang/D/primary [BM=128,BN=256,BK=32,stages=4,kc=2048] ...
      median=0.9933 ms  (138.4 TF/s)  compile=4.7s  gate=PASS  maxerr=0.08618
[44/152] rep0 cuda_noptx/D/primary [BM=256,BN=128,BK=32,stages=4,kc=2048] ...
      median=1.5309 ms  (89.8 TF/s)  compile=33.6s  gate=PASS  maxerr=0.08618
[45/152] rep0 cuda_unlimited/D/primary [BM=128,BN=128,BK=32,stages=4,kc=2048] ...
      median=1.1987 ms  (114.7 TF/s)  compile=0.2s  gate=PASS  maxerr=0.08618
[46/152] rep0 cuda_noptx/D/primary [BM=128,BN=256,BK=32,stages=4,kc=2048] ...
      median=1.4986 ms  (91.7 TF/s)  compile=0.2s  gate=PASS  maxerr=0.08618
[47/152] rep1 triton/D/primary [BM=128,BN=64,BK=64,stages=3,kc=2048] ...
      median=1.2252 ms  (112.2 TF/s)  compile=0.3s  gate=PASS  maxerr=0.08618
[48/152] rep0 cuda_unlimited/D/primary [BM=128,BN=64,BK=64,stages=3,kc=2048] ...
      median=1.5258 ms  (90.1 TF/s)  compile=34.8s  gate=PASS  maxerr=0.08618
[49/152] rep0 triton/D/primary [BM=64,BN=128,BK=64,stages=3,kc=2048] ...
      median=1.2518 ms  (109.8 TF/s)  compile=0.8s  gate=PASS  maxerr=0.08618
[50/152] rep1 triton/D/primary [BM=128,BN=256,BK=32,stages=4,kc=2048] ...
      FAILED: RuntimeError: triton could not compile variant D at BM=128 BN=256 BK=32 stages=4 arith=fp16 cast=precast: out of resource: shared memory, Required: 106496, Hardware limit: 101376. Reducing block sizes
[51/152] rep1 tilelang/D/primary [BM=128,BN=256,BK=64,stages=2,kc=2048] ...
      median=0.9421 ms  (145.9 TF/s)  compile=4.6s  gate=PASS  maxerr=0.08618
[52/152] rep0 tilelang/D/primary [BM=128,BN=64,BK=64,stages=4,kc=2048] ...
      median=1.2145 ms  (113.2 TF/s)  compile=4.8s  gate=PASS  maxerr=0.08618
[53/152] rep1 cuda_noptx/D/primary [BM=128,BN=64,BK=64,stages=4,kc=2048] ...
      median=2.0470 ms  (67.1 TF/s)  compile=35.4s  gate=PASS  maxerr=0.08618
[54/152] rep0 cuda_noptx/D/primary [BM=128,BN=64,BK=64,stages=4,kc=2048] ...
      median=2.0598 ms  (66.7 TF/s)  compile=0.2s  gate=PASS  maxerr=0.08618
[55/152] rep1 triton/D/primary [BM=128,BN=128,BK=32,stages=3,kc=2048] ...
      median=1.1254 ms  (122.1 TF/s)  compile=0.4s  gate=PASS  maxerr=0.08618
[56/152] rep0 cuda_unlimited/D/primary [BM=128,BN=256,BK=64,stages=2,kc=2048] ...
      median=1.4275 ms  (96.3 TF/s)  compile=33.3s  gate=PASS  maxerr=0.08618
[57/152] rep0 cuda_unlimited/D/primary [BM=128,BN=256,BK=32,stages=4,kc=2048] ...
      median=1.0455 ms  (131.5 TF/s)  compile=0.2s  gate=PASS  maxerr=0.08618
[58/152] rep0 tilelang/D/primary [BM=128,BN=256,BK=32,stages=2,kc=2048] ...
      median=0.9861 ms  (139.4 TF/s)  compile=4.0s  gate=PASS  maxerr=0.08618
[59/152] rep0 tilelang/D/primary [BM=128,BN=128,BK=32,stages=3,kc=2048] ...
      median=1.0213 ms  (134.6 TF/s)  compile=4.6s  gate=PASS  maxerr=0.08618
[60/152] rep1 cuda_unlimited/D/primary [BM=128,BN=64,BK=64,stages=2,kc=2048] ...
      median=1.5589 ms  (88.2 TF/s)  compile=0.2s  gate=PASS  maxerr=0.08618
[61/152] rep1 cuda_unlimited/D/primary [BM=128,BN=256,BK=64,stages=2,kc=2048] ...
      median=1.4440 ms  (95.2 TF/s)  compile=0.2s  gate=PASS  maxerr=0.08618
[62/152] rep1 cuda_noptx/D/primary [BM=256,BN=128,BK=64,stages=2,kc=2048] ...
      median=1.3650 ms  (100.7 TF/s)  compile=33.5s  gate=PASS  maxerr=0.08618
[63/152] rep0 triton/D/primary [BM=256,BN=128,BK=64,stages=2,kc=2048] ...
      median=1.1535 ms  (119.1 TF/s)  compile=0.9s  gate=PASS  maxerr=0.08618
[64/152] rep1 triton/D/primary [BM=128,BN=128,BK=64,stages=2,kc=2048] ...
      median=1.1100 ms  (123.8 TF/s)  compile=0.6s  gate=PASS  maxerr=0.08618
[65/152] rep1 cuda_noptx/D/primary [BM=256,BN=128,BK=32,stages=4,kc=2048] ...
      median=1.5370 ms  (89.4 TF/s)  compile=0.2s  gate=PASS  maxerr=0.08618
[66/152] rep1 triton/D/primary [BM=128,BN=128,BK=64,stages=3,kc=2048] ...
      median=1.2743 ms  (107.9 TF/s)  compile=0.6s  gate=PASS  maxerr=0.08618
[67/152] rep0 triton/D/primary [BM=128,BN=64,BK=64,stages=4,kc=2048] ...
      FAILED: RuntimeError: triton could not compile variant D at BM=128 BN=64 BK=64 stages=4 arith=fp16 cast=precast: out of resource: shared memory, Required: 106496, Hardware limit: 101376. Reducing block sizes 
[68/152] rep0 cuda_unlimited/D/primary [BM=256,BN=128,BK=32,stages=3,kc=2048] ...
      median=1.1884 ms  (115.7 TF/s)  compile=33.3s  gate=PASS  maxerr=0.08618
[69/152] rep1 tilelang/D/primary [BM=128,BN=128,BK=32,stages=2,kc=2048] ...
      median=0.9933 ms  (138.4 TF/s)  compile=4.4s  gate=PASS  maxerr=0.08618
[70/152] rep1 cuda_unlimited/D/primary [BM=128,BN=64,BK=64,stages=3,kc=2048] ...
      median=1.5421 ms  (89.1 TF/s)  compile=0.2s  gate=PASS  maxerr=0.08618
[71/152] rep0 cuda_noptx/D/primary [BM=128,BN=256,BK=32,stages=3,kc=2048] ...
      median=1.4572 ms  (94.3 TF/s)  compile=0.2s  gate=PASS  maxerr=0.08618
[72/152] rep1 triton/D/primary [BM=128,BN=128,BK=32,stages=2,kc=2048] ...
      median=1.0476 ms  (131.2 TF/s)  compile=0.3s  gate=PASS  maxerr=0.08618
[73/152] rep1 cuda_unlimited/D/primary [BM=128,BN=256,BK=32,stages=2,kc=2048] ...
      median=1.1254 ms  (122.1 TF/s)  compile=33.2s  gate=PASS  maxerr=0.08618
[74/152] rep0 tilelang/D/primary [BM=64,BN=128,BK=64,stages=4,kc=2048] ...
      median=1.1745 ms  (117.0 TF/s)  compile=4.9s  gate=PASS  maxerr=0.08618
[75/152] rep1 tilelang/D/primary [BM=256,BN=128,BK=32,stages=4,kc=2048] ...
      median=1.0076 ms  (136.4 TF/s)  compile=4.7s  gate=PASS  maxerr=0.08618
[76/152] rep1 triton/D/primary [BM=128,BN=256,BK=32,stages=3,kc=2048] ...
      median=1.8744 ms  (73.3 TF/s)  compile=0.4s  gate=PASS  maxerr=0.08618
[77/152] rep0 cuda_noptx/D/primary [BM=128,BN=64,BK=64,stages=3,kc=2048] ...
      median=1.5913 ms  (86.4 TF/s)  compile=33.6s  gate=PASS  maxerr=0.08618
[78/152] rep0 cuda_unlimited/D/primary [BM=64,BN=128,BK=64,stages=2,kc=2048] ...
      median=1.5021 ms  (91.5 TF/s)  compile=33.2s  gate=PASS  maxerr=0.08618
[79/152] rep1 cuda_unlimited/D/primary [BM=64,BN=128,BK=64,stages=2,kc=2048] ...
      median=1.5165 ms  (90.6 TF/s)  compile=0.2s  gate=PASS  maxerr=0.08618
[80/152] rep0 cuda_noptx/D/primary [BM=256,BN=128,BK=32,stages=2,kc=2048] ...
      median=1.2273 ms  (112.0 TF/s)  compile=33.5s  gate=PASS  maxerr=0.08618
[81/152] rep1 cuda_noptx/D/primary [BM=256,BN=128,BK=32,stages=2,kc=2048] ...
      median=1.2426 ms  (110.6 TF/s)  compile=0.2s  gate=PASS  maxerr=0.08618
[82/152] rep0 cuda_unlimited/D/primary [BM=64,BN=128,BK=64,stages=4,kc=2048] ...
      median=1.8411 ms  (74.7 TF/s)  compile=33.1s  gate=PASS  maxerr=0.08618
[83/152] rep0 cuda_unlimited/D/primary [BM=256,BN=128,BK=32,stages=2,kc=2048] ...
      median=1.1638 ms  (118.1 TF/s)  compile=0.2s  gate=PASS  maxerr=0.08618
[84/152] rep1 cuda_noptx/D/primary [BM=64,BN=128,BK=64,stages=4,kc=2048] ...
      median=1.9978 ms  (68.8 TF/s)  compile=0.2s  gate=PASS  maxerr=0.08618
[85/152] rep1 cuda_unlimited/D/primary [BM=256,BN=128,BK=32,stages=3,kc=2048] ...
      median=1.1940 ms  (115.1 TF/s)  compile=0.2s  gate=PASS  maxerr=0.08618
[86/152] rep1 cuda_noptx/D/primary [BM=128,BN=64,BK=64,stages=2,kc=2048] ...
      median=1.6189 ms  (84.9 TF/s)  compile=0.2s  gate=PASS  maxerr=0.08618
[87/152] rep0 tilelang/D/primary [BM=128,BN=256,BK=64,stages=2,kc=2048] ...
      median=0.9605 ms  (143.1 TF/s)  compile=4.2s  gate=PASS  maxerr=0.08618
[88/152] rep0 cuda_unlimited/D/primary [BM=128,BN=128,BK=64,stages=3,kc=2048] ...
      median=1.4295 ms  (96.1 TF/s)  compile=0.2s  gate=PASS  maxerr=0.08618
[89/152] rep0 triton/D/primary [BM=128,BN=256,BK=64,stages=2,kc=2048] ...
      median=1.1761 ms  (116.9 TF/s)  compile=0.4s  gate=PASS  maxerr=0.08618
[90/152] rep1 triton/D/primary [BM=128,BN=64,BK=64,stages=4,kc=2048] ...
      FAILED: RuntimeError: triton could not compile variant D at BM=128 BN=64 BK=64 stages=4 arith=fp16 cast=precast: out of resource: shared memory, Required: 106496, Hardware limit: 101376. Reducing block sizes 
[91/152] rep0 cuda_noptx/D/primary [BM=256,BN=128,BK=64,stages=2,kc=2048] ...
      median=1.3793 ms  (99.6 TF/s)  compile=0.2s  gate=PASS  maxerr=0.08618
[92/152] rep1 cuda_noptx/D/primary [BM=128,BN=64,BK=64,stages=3,kc=2048] ...
      median=1.6686 ms  (82.4 TF/s)  compile=0.2s  gate=PASS  maxerr=0.08618
[93/152] rep1 cuda_noptx/D/primary [BM=128,BN=128,BK=64,stages=3,kc=2048] ...
      median=1.4930 ms  (92.1 TF/s)  compile=0.2s  gate=PASS  maxerr=0.08618
[94/152] rep0 tilelang/D/primary [BM=128,BN=64,BK=64,stages=3,kc=2048] ...
      median=1.2349 ms  (111.3 TF/s)  compile=4.3s  gate=PASS  maxerr=0.08618
[95/152] rep1 triton/D/primary [BM=128,BN=128,BK=32,stages=4,kc=2048] ...
      median=1.1786 ms  (116.6 TF/s)  compile=0.3s  gate=PASS  maxerr=0.08618
[96/152] rep0 cuda_noptx/D/primary [BM=128,BN=128,BK=32,stages=4,kc=2048] ...
      median=1.3681 ms  (100.5 TF/s)  compile=0.2s  gate=PASS  maxerr=0.08618
[97/152] rep1 cuda_unlimited/D/primary [BM=128,BN=128,BK=64,stages=2,kc=2048] ...
      median=1.1899 ms  (115.5 TF/s)  compile=33.1s  gate=PASS  maxerr=0.08618
[98/152] rep1 cuda_unlimited/D/primary [BM=128,BN=64,BK=64,stages=4,kc=2048] ...
      median=2.1852 ms  (62.9 TF/s)  compile=0.2s  gate=PASS  maxerr=0.08618
[99/152] rep1 cuda_unlimited/D/primary [BM=128,BN=128,BK=32,stages=4,kc=2048] ...
      median=1.2114 ms  (113.5 TF/s)  compile=0.2s  gate=PASS  maxerr=0.08618
[100/152] rep1 tilelang/D/primary [BM=128,BN=256,BK=32,stages=2,kc=2048] ...
      median=1.0066 ms  (136.5 TF/s)  compile=4.0s  gate=PASS  maxerr=0.08618
[101/152] rep1 tilelang/D/primary [BM=64,BN=128,BK=64,stages=3,kc=2048] ...
      median=1.1909 ms  (115.4 TF/s)  compile=4.4s  gate=PASS  maxerr=0.08618
[102/152] rep0 cuda_noptx/D/primary [BM=64,BN=128,BK=64,stages=2,kc=2048] ...
      median=1.5985 ms  (86.0 TF/s)  compile=33.5s  gate=PASS  maxerr=0.08618
[103/152] rep1 tilelang/D/primary [BM=256,BN=128,BK=32,stages=2,kc=2048] ...
      median=1.0076 ms  (136.4 TF/s)  compile=4.0s  gate=PASS  maxerr=0.08618
[104/152] rep1 tilelang/D/primary [BM=256,BN=128,BK=32,stages=3,kc=2048] ...
      median=1.0260 ms  (133.9 TF/s)  compile=4.2s  gate=PASS  maxerr=0.08618
[105/152] rep0 tilelang/D/primary [BM=128,BN=128,BK=64,stages=3,kc=2048] ...
      median=0.9769 ms  (140.7 TF/s)  compile=4.8s  gate=PASS  maxerr=0.08618
[106/152] rep0 cuda_noptx/D/primary [BM=128,BN=256,BK=64,stages=2,kc=2048] ...
      median=1.3487 ms  (101.9 TF/s)  compile=33.6s  gate=PASS  maxerr=0.08618
[107/152] rep0 cuda_unlimited/D/primary [BM=128,BN=256,BK=32,stages=2,kc=2048] ...
      median=1.1346 ms  (121.1 TF/s)  compile=0.2s  gate=PASS  maxerr=0.08618
[108/152] rep1 cuda_noptx/D/primary [BM=128,BN=128,BK=64,stages=2,kc=2048] ...
      median=1.2503 ms  (109.9 TF/s)  compile=33.5s  gate=PASS  maxerr=0.08618
[109/152] rep0 tilelang/D/primary [BM=128,BN=256,BK=32,stages=3,kc=2048] ...
      median=0.9957 ms  (138.0 TF/s)  compile=4.3s  gate=PASS  maxerr=0.08618
[110/152] rep1 triton/D/primary [BM=64,BN=128,BK=64,stages=3,kc=2048] ...
      median=1.2370 ms  (111.1 TF/s)  compile=0.3s  gate=PASS  maxerr=0.08618
[111/152] rep1 tilelang/D/primary [BM=128,BN=64,BK=64,stages=3,kc=2048] ...
      median=1.2022 ms  (114.3 TF/s)  compile=4.3s  gate=PASS  maxerr=0.08618
[112/152] rep1 triton/D/primary [BM=256,BN=128,BK=32,stages=3,kc=2048] ...
      median=1.9276 ms  (71.3 TF/s)  compile=0.8s  gate=PASS  maxerr=0.08618
[113/152] rep1 tilelang/D/primary [BM=128,BN=64,BK=64,stages=2,kc=2048] ...
      median=1.2165 ms  (113.0 TF/s)  compile=4.0s  gate=PASS  maxerr=0.08618
[114/152] rep1 cuda_noptx/D/primary [BM=256,BN=128,BK=32,stages=3,kc=2048] ...
      median=1.3604 ms  (101.0 TF/s)  compile=33.6s  gate=PASS  maxerr=0.08618
[115/152] rep1 cuda_noptx/D/primary [BM=128,BN=128,BK=32,stages=2,kc=2048] ...
      median=1.3476 ms  (102.0 TF/s)  compile=0.2s  gate=PASS  maxerr=0.08618
[116/152] rep0 triton/D/primary [BM=128,BN=128,BK=32,stages=3,kc=2048] ...
      median=1.1264 ms  (122.0 TF/s)  compile=0.3s  gate=PASS  maxerr=0.08618
[117/152] rep1 triton/D/primary [BM=256,BN=128,BK=32,stages=4,kc=2048] ...
      FAILED: RuntimeError: triton could not compile variant D at BM=256 BN=128 BK=32 stages=4 arith=fp16 cast=precast: out of resource: shared memory, Required: 106496, Hardware limit: 101376. Reducing block sizes
[118/152] rep0 cuda_noptx/D/primary [BM=256,BN=128,BK=32,stages=3,kc=2048] ...
      median=1.3921 ms  (98.7 TF/s)  compile=0.2s  gate=PASS  maxerr=0.08618
[119/152] rep0 triton/D/primary [BM=128,BN=128,BK=64,stages=2,kc=2048] ...
      median=1.1238 ms  (122.3 TF/s)  compile=0.3s  gate=PASS  maxerr=0.08618
[120/152] rep0 triton/D/primary [BM=128,BN=128,BK=64,stages=3,kc=2048] ...
      median=1.2759 ms  (107.7 TF/s)  compile=0.3s  gate=PASS  maxerr=0.08618
[121/152] rep1 cuda_noptx/D/primary [BM=128,BN=256,BK=64,stages=2,kc=2048] ...
      median=1.3609 ms  (101.0 TF/s)  compile=0.2s  gate=PASS  maxerr=0.08618
[122/152] rep1 cuda_noptx/D/primary [BM=64,BN=128,BK=64,stages=2,kc=2048] ...
      median=1.6354 ms  (84.0 TF/s)  compile=0.2s  gate=PASS  maxerr=0.08618
[123/152] rep0 triton/D/primary [BM=256,BN=128,BK=32,stages=3,kc=2048] ...
      median=1.9927 ms  (69.0 TF/s)  compile=0.3s  gate=PASS  maxerr=0.08618
[124/152] rep0 cuda_unlimited/D/primary [BM=64,BN=128,BK=64,stages=3,kc=2048] ...
      median=1.5114 ms  (90.9 TF/s)  compile=33.0s  gate=PASS  maxerr=0.08618
[125/152] rep0 cuda_unlimited/D/primary [BM=128,BN=256,BK=32,stages=3,kc=2048] ...
      median=1.1510 ms  (119.4 TF/s)  compile=0.2s  gate=PASS  maxerr=0.08618
[126/152] rep0 cuda_noptx/D/primary [BM=128,BN=128,BK=32,stages=2,kc=2048] ...
      median=1.3537 ms  (101.5 TF/s)  compile=0.2s  gate=PASS  maxerr=0.08618
[127/152] rep1 tilelang/D/primary [BM=128,BN=256,BK=32,stages=4,kc=2048] ...
      median=1.0107 ms  (136.0 TF/s)  compile=4.7s  gate=PASS  maxerr=0.08618
[128/152] rep0 triton/D/primary [BM=256,BN=128,BK=32,stages=4,kc=2048] ...
      FAILED: RuntimeError: triton could not compile variant D at BM=256 BN=128 BK=32 stages=4 arith=fp16 cast=precast: out of resource: shared memory, Required: 106496, Hardware limit: 101376. Reducing block sizes
[129/152] rep0 triton/D/primary [BM=128,BN=256,BK=32,stages=4,kc=2048] ...
      FAILED: RuntimeError: triton could not compile variant D at BM=128 BN=256 BK=32 stages=4 arith=fp16 cast=precast: out of resource: shared memory, Required: 106496, Hardware limit: 101376. Reducing block sizes
[130/152] rep1 tilelang/D/primary [BM=64,BN=128,BK=64,stages=2,kc=2048] ...
      median=1.1786 ms  (116.6 TF/s)  compile=4.2s  gate=PASS  maxerr=0.08618
[131/152] rep1 tilelang/D/primary [BM=128,BN=64,BK=64,stages=4,kc=2048] ...
      median=1.2452 ms  (110.4 TF/s)  compile=5.0s  gate=PASS  maxerr=0.08618
[132/152] rep1 triton/D/primary [BM=64,BN=128,BK=64,stages=4,kc=2048] ...
      FAILED: RuntimeError: triton could not compile variant D at BM=64 BN=128 BK=64 stages=4 arith=fp16 cast=precast: out of resource: shared memory, Required: 106496, Hardware limit: 101376. Reducing block sizes 
[133/152] rep0 cuda_unlimited/D/primary [BM=128,BN=128,BK=64,stages=2,kc=2048] ...
      median=1.2418 ms  (110.7 TF/s)  compile=0.2s  gate=PASS  maxerr=0.08618
[134/152] rep1 cuda_unlimited/D/primary [BM=256,BN=128,BK=64,stages=2,kc=2048] ...
      median=1.3414 ms  (102.5 TF/s)  compile=0.2s  gate=PASS  maxerr=0.08618
[135/152] rep0 triton/D/primary [BM=128,BN=128,BK=32,stages=4,kc=2048] ...
      median=1.1663 ms  (117.8 TF/s)  compile=0.4s  gate=PASS  maxerr=0.08618
[136/152] rep0 triton/D/primary [BM=128,BN=256,BK=32,stages=3,kc=2048] ...
      median=1.9159 ms  (71.7 TF/s)  compile=0.4s  gate=PASS  maxerr=0.08618
[137/152] rep0 tilelang/D/primary [BM=256,BN=128,BK=32,stages=3,kc=2048] ...
      median=1.0491 ms  (131.0 TF/s)  compile=4.6s  gate=PASS  maxerr=0.08618
[138/152] rep0 tilelang/D/primary [BM=256,BN=128,BK=32,stages=4,kc=2048] ...
      median=1.0301 ms  (133.4 TF/s)  compile=4.7s  gate=PASS  maxerr=0.08618
[139/152] rep1 cuda_noptx/D/primary [BM=128,BN=256,BK=32,stages=3,kc=2048] ...
      median=1.4899 ms  (92.2 TF/s)  compile=0.2s  gate=PASS  maxerr=0.08618
[140/152] rep1 tilelang/D/primary [BM=128,BN=256,BK=32,stages=3,kc=2048] ...
      median=1.0383 ms  (132.4 TF/s)  compile=4.3s  gate=PASS  maxerr=0.08618
[141/152] rep1 triton/D/primary [BM=256,BN=128,BK=64,stages=2,kc=2048] ...
      median=1.1991 ms  (114.6 TF/s)  compile=0.3s  gate=PASS  maxerr=0.08618
[142/152] rep1 cuda_unlimited/D/primary [BM=64,BN=128,BK=64,stages=4,kc=2048] ...
      median=1.8412 ms  (74.6 TF/s)  compile=0.2s  gate=PASS  maxerr=0.08618
[143/152] rep1 tilelang/D/primary [BM=128,BN=128,BK=32,stages=3,kc=2048] ...
      median=1.0593 ms  (129.7 TF/s)  compile=4.6s  gate=PASS  maxerr=0.08618
[144/152] rep1 cuda_unlimited/D/primary [BM=64,BN=128,BK=64,stages=3,kc=2048] ...
      median=1.5447 ms  (89.0 TF/s)  compile=0.2s  gate=PASS  maxerr=0.08618
[145/152] rep0 cuda_noptx/D/primary [BM=128,BN=256,BK=32,stages=2,kc=2048] ...
      median=1.2790 ms  (107.5 TF/s)  compile=0.2s  gate=PASS  maxerr=0.08618
[146/152] rep0 tilelang/D/primary [BM=256,BN=128,BK=32,stages=2,kc=2048] ...
      median=1.0414 ms  (132.0 TF/s)  compile=4.0s  gate=PASS  maxerr=0.08618
[147/152] rep1 cuda_unlimited/D/primary [BM=256,BN=128,BK=32,stages=4,kc=2048] ...
      median=1.1520 ms  (119.3 TF/s)  compile=0.2s  gate=PASS  maxerr=0.08618
[148/152] rep0 triton/D/primary [BM=64,BN=128,BK=64,stages=2,kc=2048] ...
      median=1.2595 ms  (109.1 TF/s)  compile=0.4s  gate=PASS  maxerr=0.08618
[149/152] rep0 cuda_noptx/D/primary [BM=64,BN=128,BK=64,stages=3,kc=2048] ...
      median=1.6609 ms  (82.7 TF/s)  compile=0.2s  gate=PASS  maxerr=0.08618
[150/152] rep0 tilelang/D/primary [BM=128,BN=128,BK=64,stages=2,kc=2048] ...
      median=1.0004 ms  (137.4 TF/s)  compile=4.5s  gate=PASS  maxerr=0.08618
[151/152] rep1 tilelang/D/primary [BM=64,BN=128,BK=64,stages=4,kc=2048] ...
      median=1.2370 ms  (111.1 TF/s)  compile=4.8s  gate=PASS  maxerr=0.08618
[152/152] rep0 cuda_noptx/D/primary [BM=128,BN=128,BK=64,stages=2,kc=2048] ...
      median=1.3332 ms  (103.1 TF/s)  compile=0.2s  gate=PASS  maxerr=0.08618
[driver] done in 1841s -> /home/lxt230026/MultiKernelBench/ako_runs/phase1_matmul/results/native_tuned/summary.json
ALL CAMPAIGNS DONE 20:37:17
